[2023-08-12T20:42:33.332+0000][gc,heap] Heap region size: 1M
[2023-08-12T20:42:33.342+0000][gc     ] Using G1
[2023-08-12T20:42:33.342+0000][gc,heap,coops] Heap address: 0x00000000c0000000, size: 1024 MB, Compressed Oops mode: 32-bit
[2023-08-12T20:42:33.342+0000][gc,cds       ] Mark closed archive regions in map: [0x00000000fff00000, 0x00000000fff6aff8]
[2023-08-12T20:42:33.342+0000][gc,cds       ] Mark open archive regions in map: [0x00000000ffe00000, 0x00000000ffe46ff8]
[2023-08-12T20:42:34.429+0000][gc,start     ] GC(0) Pause Young (Normal) (G1 Evacuation Pause)
[2023-08-12T20:42:34.433+0000][gc,task      ] GC(0) Using 4 workers of 4 for evacuation
[2023-08-12T20:42:34.450+0000][gc,phases    ] GC(0)   Pre Evacuate Collection Set: 0.0ms
[2023-08-12T20:42:34.450+0000][gc,phases    ] GC(0)   Evacuate Collection Set: 15.8ms
[2023-08-12T20:42:34.450+0000][gc,phases    ] GC(0)   Post Evacuate Collection Set: 0.4ms
[2023-08-12T20:42:34.450+0000][gc,phases    ] GC(0)   Other: 4.2ms
[2023-08-12T20:42:34.450+0000][gc,heap      ] GC(0) Eden regions: 51->0(44)
[2023-08-12T20:42:34.450+0000][gc,heap      ] GC(0) Survivor regions: 0->7(7)
[2023-08-12T20:42:34.450+0000][gc,heap      ] GC(0) Old regions: 2->2
[2023-08-12T20:42:34.450+0000][gc,heap      ] GC(0) Humongous regions: 0->0
[2023-08-12T20:42:34.450+0000][gc,metaspace ] GC(0) Metaspace: 14162K(14848K)->14162K(14848K) NonClass: 12421K(12800K)->12421K(12800K) Class: 1741K(2048K)->1741K(2048K)
[2023-08-12T20:42:34.450+0000][gc           ] GC(0) Pause Young (Normal) (G1 Evacuation Pause) 51M->7M(1024M) 20.587ms
[2023-08-12T20:42:34.450+0000][gc,cpu       ] GC(0) User=0.03s Sys=0.00s Real=0.02s
[2023-08-12T20:42:35.161+0000][gc,start     ] GC(1) Pause Young (Concurrent Start) (Metadata GC Threshold)
[2023-08-12T20:42:35.161+0000][gc,task      ] GC(1) Using 4 workers of 4 for evacuation
[2023-08-12T20:42:35.179+0000][gc,phases    ] GC(1)   Pre Evacuate Collection Set: 0.1ms
[2023-08-12T20:42:35.179+0000][gc,phases    ] GC(1)   Evacuate Collection Set: 17.5ms
[2023-08-12T20:42:35.179+0000][gc,phases    ] GC(1)   Post Evacuate Collection Set: 0.4ms
[2023-08-12T20:42:35.179+0000][gc,phases    ] GC(1)   Other: 0.2ms
[2023-08-12T20:42:35.179+0000][gc,heap      ] GC(1) Eden regions: 29->0(49)
[2023-08-12T20:42:35.179+0000][gc,heap      ] GC(1) Survivor regions: 7->2(7)
[2023-08-12T20:42:35.179+0000][gc,heap      ] GC(1) Old regions: 2->9
[2023-08-12T20:42:35.179+0000][gc,heap      ] GC(1) Humongous regions: 0->0
[2023-08-12T20:42:35.179+0000][gc,metaspace ] GC(1) Metaspace: 20569K(21248K)->20569K(21248K) NonClass: 18074K(18432K)->18074K(18432K) Class: 2494K(2816K)->2494K(2816K)
[2023-08-12T20:42:35.179+0000][gc           ] GC(1) Pause Young (Concurrent Start) (Metadata GC Threshold) 36M->8M(1024M) 18.221ms
[2023-08-12T20:42:35.179+0000][gc,cpu       ] GC(1) User=0.02s Sys=0.00s Real=0.02s
[2023-08-12T20:42:35.179+0000][gc           ] GC(2) Concurrent Cycle
[2023-08-12T20:42:35.179+0000][gc,marking   ] GC(2) Concurrent Clear Claimed Marks
[2023-08-12T20:42:35.179+0000][gc,marking   ] GC(2) Concurrent Clear Claimed Marks 0.036ms
[2023-08-12T20:42:35.179+0000][gc,marking   ] GC(2) Concurrent Scan Root Regions
[2023-08-12T20:42:35.189+0000][gc,marking   ] GC(2) Concurrent Scan Root Regions 9.316ms
[2023-08-12T20:42:35.189+0000][gc,marking   ] GC(2) Concurrent Mark (1.861s)
[2023-08-12T20:42:35.189+0000][gc,marking   ] GC(2) Concurrent Mark From Roots
[2023-08-12T20:42:35.189+0000][gc,task      ] GC(2) Using 1 workers of 1 for marking
[2023-08-12T20:42:35.215+0000][gc,marking   ] GC(2) Concurrent Mark From Roots 26.195ms
[2023-08-12T20:42:35.215+0000][gc,marking   ] GC(2) Concurrent Preclean
[2023-08-12T20:42:35.215+0000][gc,marking   ] GC(2) Concurrent Preclean 0.074ms
[2023-08-12T20:42:35.215+0000][gc,marking   ] GC(2) Concurrent Mark (1.861s, 1.887s) 26.320ms
[2023-08-12T20:42:35.215+0000][gc,start     ] GC(2) Pause Remark
[2023-08-12T20:42:35.227+0000][gc,stringtable] GC(2) Cleaned string and symbol table, strings: 5236 processed, 0 removed, symbols: 53151 processed, 46 removed
[2023-08-12T20:42:35.228+0000][gc            ] GC(2) Pause Remark 9M->9M(1024M) 12.576ms
[2023-08-12T20:42:35.228+0000][gc,cpu        ] GC(2) User=0.03s Sys=0.00s Real=0.02s
[2023-08-12T20:42:35.228+0000][gc,marking    ] GC(2) Concurrent Rebuild Remembered Sets
[2023-08-12T20:42:35.233+0000][gc,marking    ] GC(2) Concurrent Rebuild Remembered Sets 5.141ms
[2023-08-12T20:42:35.234+0000][gc,start      ] GC(2) Pause Cleanup
[2023-08-12T20:42:35.235+0000][gc            ] GC(2) Pause Cleanup 9M->9M(1024M) 1.102ms
[2023-08-12T20:42:35.235+0000][gc,cpu        ] GC(2) User=0.00s Sys=0.00s Real=0.00s
[2023-08-12T20:42:35.235+0000][gc,marking    ] GC(2) Concurrent Cleanup for Next Mark
[2023-08-12T20:42:35.240+0000][gc,marking    ] GC(2) Concurrent Cleanup for Next Mark 5.636ms
[2023-08-12T20:42:35.241+0000][gc            ] GC(2) Concurrent Cycle 61.336ms
[2023-08-12T20:42:37.529+0000][gc,start      ] GC(3) Pause Young (Normal) (G1 Evacuation Pause)
[2023-08-12T20:42:37.529+0000][gc,task       ] GC(3) Using 4 workers of 4 for evacuation
[2023-08-12T20:42:37.555+0000][gc,mmu        ] GC(3) MMU target violated: 21.0ms (20.0ms/21.0ms)
[2023-08-12T20:42:37.555+0000][gc,phases     ] GC(3)   Pre Evacuate Collection Set: 0.0ms
[2023-08-12T20:42:37.555+0000][gc,phases     ] GC(3)   Evacuate Collection Set: 23.4ms
[2023-08-12T20:42:37.555+0000][gc,phases     ] GC(3)   Post Evacuate Collection Set: 2.0ms
[2023-08-12T20:42:37.555+0000][gc,phases     ] GC(3)   Other: 0.3ms
[2023-08-12T20:42:37.555+0000][gc,heap       ] GC(3) Eden regions: 49->0(47)
[2023-08-12T20:42:37.555+0000][gc,heap       ] GC(3) Survivor regions: 2->4(7)
[2023-08-12T20:42:37.555+0000][gc,heap       ] GC(3) Old regions: 9->9
[2023-08-12T20:42:37.555+0000][gc,heap       ] GC(3) Humongous regions: 129->129
[2023-08-12T20:42:37.555+0000][gc,metaspace  ] GC(3) Metaspace: 27240K(28544K)->27240K(28544K) NonClass: 24049K(24832K)->24049K(24832K) Class: 3190K(3712K)->3190K(3712K)
[2023-08-12T20:42:37.555+0000][gc            ] GC(3) Pause Young (Normal) (G1 Evacuation Pause) 186M->139M(1024M) 25.756ms
[2023-08-12T20:42:37.555+0000][gc,cpu        ] GC(3) User=0.03s Sys=0.00s Real=0.02s
[2023-08-12T20:42:38.582+0000][gc,start      ] GC(4) Pause Young (Concurrent Start) (Metadata GC Threshold)
[2023-08-12T20:42:38.582+0000][gc,task       ] GC(4) Using 4 workers of 4 for evacuation
[2023-08-12T20:42:38.609+0000][gc,mmu        ] GC(4) MMU target violated: 21.0ms (20.0ms/21.0ms)
[2023-08-12T20:42:38.609+0000][gc,phases     ] GC(4)   Pre Evacuate Collection Set: 0.2ms
[2023-08-12T20:42:38.609+0000][gc,phases     ] GC(4)   Evacuate Collection Set: 21.1ms
[2023-08-12T20:42:38.609+0000][gc,phases     ] GC(4)   Post Evacuate Collection Set: 5.8ms
[2023-08-12T20:42:38.609+0000][gc,phases     ] GC(4)   Other: 0.3ms
[2023-08-12T20:42:38.609+0000][gc,heap       ] GC(4) Eden regions: 44->0(44)
[2023-08-12T20:42:38.609+0000][gc,heap       ] GC(4) Survivor regions: 4->7(7)
[2023-08-12T20:42:38.609+0000][gc,heap       ] GC(4) Old regions: 9->9
[2023-08-12T20:42:38.609+0000][gc,heap       ] GC(4) Humongous regions: 129->129
[2023-08-12T20:42:38.609+0000][gc,metaspace  ] GC(4) Metaspace: 34416K(35840K)->34416K(35840K) NonClass: 30426K(31104K)->30426K(31104K) Class: 3989K(4736K)->3989K(4736K)
[2023-08-12T20:42:38.609+0000][gc            ] GC(4) Pause Young (Concurrent Start) (Metadata GC Threshold) 183M->143M(1024M) 27.440ms
[2023-08-12T20:42:38.609+0000][gc,cpu        ] GC(4) User=0.02s Sys=0.01s Real=0.03s
[2023-08-12T20:42:38.609+0000][gc            ] GC(5) Concurrent Cycle
[2023-08-12T20:42:38.609+0000][gc,marking    ] GC(5) Concurrent Clear Claimed Marks
[2023-08-12T20:42:38.609+0000][gc,marking    ] GC(5) Concurrent Clear Claimed Marks 0.138ms
[2023-08-12T20:42:38.609+0000][gc,marking    ] GC(5) Concurrent Scan Root Regions
[2023-08-12T20:42:38.615+0000][gc,marking    ] GC(5) Concurrent Scan Root Regions 5.511ms
[2023-08-12T20:42:38.615+0000][gc,marking    ] GC(5) Concurrent Mark (5.287s)
[2023-08-12T20:42:38.615+0000][gc,marking    ] GC(5) Concurrent Mark From Roots
[2023-08-12T20:42:38.615+0000][gc,task       ] GC(5) Using 1 workers of 1 for marking
[2023-08-12T20:42:38.655+0000][gc,marking    ] GC(5) Concurrent Mark From Roots 40.508ms
[2023-08-12T20:42:38.655+0000][gc,marking    ] GC(5) Concurrent Preclean
[2023-08-12T20:42:38.656+0000][gc,marking    ] GC(5) Concurrent Preclean 0.217ms
[2023-08-12T20:42:38.656+0000][gc,marking    ] GC(5) Concurrent Mark (5.287s, 5.328s) 40.798ms
[2023-08-12T20:42:38.697+0000][gc,start      ] GC(5) Pause Remark
[2023-08-12T20:42:38.712+0000][gc,stringtable] GC(5) Cleaned string and symbol table, strings: 10934 processed, 15 removed, symbols: 86452 processed, 15 removed
[2023-08-12T20:42:38.723+0000][gc,mmu        ] GC(5) MMU target violated: 21.0ms (20.0ms/21.0ms)
[2023-08-12T20:42:38.724+0000][gc            ] GC(5) Pause Remark 146M->146M(1024M) 26.735ms
[2023-08-12T20:42:38.724+0000][gc,cpu        ] GC(5) User=0.01s Sys=0.00s Real=0.03s
[2023-08-12T20:42:38.724+0000][gc,marking    ] GC(5) Concurrent Rebuild Remembered Sets
[2023-08-12T20:42:38.745+0000][gc,marking    ] GC(5) Concurrent Rebuild Remembered Sets 21.330ms
[2023-08-12T20:42:38.755+0000][gc,start      ] GC(5) Pause Cleanup
[2023-08-12T20:42:38.755+0000][gc            ] GC(5) Pause Cleanup 146M->146M(1024M) 0.224ms
[2023-08-12T20:42:38.755+0000][gc,cpu        ] GC(5) User=0.00s Sys=0.00s Real=0.00s
[2023-08-12T20:42:38.757+0000][gc,marking    ] GC(5) Concurrent Cleanup for Next Mark
[2023-08-12T20:42:38.789+0000][gc,marking    ] GC(5) Concurrent Cleanup for Next Mark 31.840ms
[2023-08-12T20:42:38.789+0000][gc            ] GC(5) Concurrent Cycle 180.066ms
[2023-08-12T20:42:40.416+0000][gc,start      ] GC(6) Pause Young (Concurrent Start) (G1 Evacuation Pause)
[2023-08-12T20:42:40.417+0000][gc,task       ] GC(6) Using 4 workers of 4 for evacuation
[2023-08-12T20:42:40.457+0000][gc,mmu        ] GC(6) MMU target violated: 21.0ms (20.0ms/21.0ms)
[2023-08-12T20:42:40.457+0000][gc,phases     ] GC(6)   Pre Evacuate Collection Set: 0.2ms
[2023-08-12T20:42:40.457+0000][gc,phases     ] GC(6)   Evacuate Collection Set: 39.5ms
[2023-08-12T20:42:40.457+0000][gc,phases     ] GC(6)   Post Evacuate Collection Set: 0.6ms
[2023-08-12T20:42:40.457+0000][gc,phases     ] GC(6)   Other: 0.3ms
[2023-08-12T20:42:40.457+0000][gc,heap       ] GC(6) Eden regions: 44->0(48)
[2023-08-12T20:42:40.457+0000][gc,heap       ] GC(6) Survivor regions: 7->3(7)
[2023-08-12T20:42:40.457+0000][gc,heap       ] GC(6) Old regions: 9->16
[2023-08-12T20:42:40.457+0000][gc,heap       ] GC(6) Humongous regions: 153->129
[2023-08-12T20:42:40.457+0000][gc,metaspace  ] GC(6) Metaspace: 40049K(42496K)->40049K(42496K) NonClass: 35028K(36352K)->35028K(36352K) Class: 5021K(6144K)->5021K(6144K)
[2023-08-12T20:42:40.457+0000][gc            ] GC(6) Pause Young (Concurrent Start) (G1 Evacuation Pause) 211M->145M(1024M) 40.653ms
[2023-08-12T20:42:40.457+0000][gc,cpu        ] GC(6) User=0.08s Sys=0.00s Real=0.04s
[2023-08-12T20:42:40.457+0000][gc            ] GC(7) Concurrent Cycle
[2023-08-12T20:42:40.457+0000][gc,marking    ] GC(7) Concurrent Clear Claimed Marks
[2023-08-12T20:42:40.457+0000][gc,marking    ] GC(7) Concurrent Clear Claimed Marks 0.147ms
[2023-08-12T20:42:40.457+0000][gc,marking    ] GC(7) Concurrent Scan Root Regions
[2023-08-12T20:42:40.459+0000][gc,marking    ] GC(7) Concurrent Scan Root Regions 1.901ms
[2023-08-12T20:42:40.459+0000][gc,marking    ] GC(7) Concurrent Mark (7.132s)
[2023-08-12T20:42:40.459+0000][gc,marking    ] GC(7) Concurrent Mark From Roots
[2023-08-12T20:42:40.459+0000][gc,task       ] GC(7) Using 1 workers of 1 for marking
[2023-08-12T20:42:40.494+0000][gc,marking    ] GC(7) Concurrent Mark From Roots 34.653ms
[2023-08-12T20:42:40.494+0000][gc,marking    ] GC(7) Concurrent Preclean
[2023-08-12T20:42:40.494+0000][gc,marking    ] GC(7) Concurrent Preclean 0.124ms
[2023-08-12T20:42:40.494+0000][gc,marking    ] GC(7) Concurrent Mark (7.132s, 7.166s) 34.837ms
[2023-08-12T20:42:40.494+0000][gc,start      ] GC(7) Pause Remark
[2023-08-12T20:42:40.509+0000][gc,stringtable] GC(7) Cleaned string and symbol table, strings: 12440 processed, 2 removed, symbols: 92320 processed, 2 removed
[2023-08-12T20:42:40.509+0000][gc            ] GC(7) Pause Remark 146M->146M(1024M) 14.756ms
[2023-08-12T20:42:40.509+0000][gc,cpu        ] GC(7) User=0.02s Sys=0.00s Real=0.02s
[2023-08-12T20:42:40.509+0000][gc,marking    ] GC(7) Concurrent Rebuild Remembered Sets
[2023-08-12T20:42:40.535+0000][gc,marking    ] GC(7) Concurrent Rebuild Remembered Sets 26.097ms
[2023-08-12T20:42:40.536+0000][gc,start      ] GC(7) Pause Cleanup
[2023-08-12T20:42:40.537+0000][gc            ] GC(7) Pause Cleanup 147M->147M(1024M) 0.213ms
[2023-08-12T20:42:40.537+0000][gc,cpu        ] GC(7) User=0.00s Sys=0.00s Real=0.00s
[2023-08-12T20:42:40.537+0000][gc,marking    ] GC(7) Concurrent Cleanup for Next Mark
[2023-08-12T20:42:40.538+0000][gc,marking    ] GC(7) Concurrent Cleanup for Next Mark 1.299ms
[2023-08-12T20:42:40.538+0000][gc            ] GC(7) Concurrent Cycle 80.768ms
[2023-08-12T20:44:46.329+0000][gc,start      ] GC(8) Pause Young (Normal) (G1 Evacuation Pause)
[2023-08-12T20:44:46.329+0000][gc,task       ] GC(8) Using 4 workers of 4 for evacuation
[2023-08-12T20:44:46.346+0000][gc,phases     ] GC(8)   Pre Evacuate Collection Set: 0.4ms
[2023-08-12T20:44:46.346+0000][gc,phases     ] GC(8)   Evacuate Collection Set: 14.3ms
[2023-08-12T20:44:46.346+0000][gc,phases     ] GC(8)   Post Evacuate Collection Set: 2.5ms
[2023-08-12T20:44:46.346+0000][gc,phases     ] GC(8)   Other: 0.6ms
[2023-08-12T20:44:46.346+0000][gc,heap       ] GC(8) Eden regions: 48->0(44)
[2023-08-12T20:44:46.346+0000][gc,heap       ] GC(8) Survivor regions: 3->7(7)
[2023-08-12T20:44:46.346+0000][gc,heap       ] GC(8) Old regions: 16->16
[2023-08-12T20:44:46.346+0000][gc,heap       ] GC(8) Humongous regions: 129->129
[2023-08-12T20:44:46.346+0000][gc,metaspace  ] GC(8) Metaspace: 43390K(46080K)->43390K(46080K) NonClass: 37823K(39168K)->37823K(39168K) Class: 5567K(6912K)->5567K(6912K)
[2023-08-12T20:44:46.346+0000][gc            ] GC(8) Pause Young (Normal) (G1 Evacuation Pause) 193M->149M(1024M) 17.708ms
[2023-08-12T20:44:46.346+0000][gc,cpu        ] GC(8) User=0.06s Sys=0.00s Real=0.02s
[2023-08-12T20:47:34.691+0000][gc,start      ] GC(9) Pause Young (Normal) (G1 Evacuation Pause)
[2023-08-12T20:47:34.691+0000][gc,task       ] GC(9) Using 4 workers of 4 for evacuation
[2023-08-12T20:47:34.706+0000][gc,phases     ] GC(9)   Pre Evacuate Collection Set: 0.1ms
[2023-08-12T20:47:34.706+0000][gc,phases     ] GC(9)   Evacuate Collection Set: 12.4ms
[2023-08-12T20:47:34.706+0000][gc,phases     ] GC(9)   Post Evacuate Collection Set: 1.9ms
[2023-08-12T20:47:34.706+0000][gc,phases     ] GC(9)   Other: 0.6ms
[2023-08-12T20:47:34.706+0000][gc,heap       ] GC(9) Eden regions: 44->0(48)
[2023-08-12T20:47:34.706+0000][gc,heap       ] GC(9) Survivor regions: 7->3(7)
[2023-08-12T20:47:34.706+0000][gc,heap       ] GC(9) Old regions: 16->19
[2023-08-12T20:47:34.706+0000][gc,heap       ] GC(9) Humongous regions: 129->129
[2023-08-12T20:47:34.706+0000][gc,metaspace  ] GC(9) Metaspace: 43447K(46336K)->43447K(46336K) NonClass: 37872K(39424K)->37872K(39424K) Class: 5574K(6912K)->5574K(6912K)
[2023-08-12T20:47:34.706+0000][gc            ] GC(9) Pause Young (Normal) (G1 Evacuation Pause) 193M->148M(1024M) 14.971ms
[2023-08-12T20:47:34.706+0000][gc,cpu        ] GC(9) User=0.05s Sys=0.00s Real=0.02s
[2023-08-12T20:50:48.112+0000][gc,start      ] GC(10) Pause Young (Normal) (G1 Evacuation Pause)
[2023-08-12T20:50:48.113+0000][gc,task       ] GC(10) Using 4 workers of 4 for evacuation
[2023-08-12T20:50:48.128+0000][gc,phases     ] GC(10)   Pre Evacuate Collection Set: 0.5ms
[2023-08-12T20:50:48.128+0000][gc,phases     ] GC(10)   Evacuate Collection Set: 12.5ms
[2023-08-12T20:50:48.128+0000][gc,phases     ] GC(10)   Post Evacuate Collection Set: 2.3ms
[2023-08-12T20:50:48.128+0000][gc,phases     ] GC(10)   Other: 0.5ms
[2023-08-12T20:50:48.128+0000][gc,heap       ] GC(10) Eden regions: 48->0(45)
[2023-08-12T20:50:48.128+0000][gc,heap       ] GC(10) Survivor regions: 3->6(7)
[2023-08-12T20:50:48.128+0000][gc,heap       ] GC(10) Old regions: 19->19
[2023-08-12T20:50:48.128+0000][gc,heap       ] GC(10) Humongous regions: 129->129
[2023-08-12T20:50:48.128+0000][gc,metaspace  ] GC(10) Metaspace: 43561K(46336K)->43561K(46336K) NonClass: 37987K(39424K)->37987K(39424K) Class: 5574K(6912K)->5574K(6912K)
[2023-08-12T20:50:48.129+0000][gc            ] GC(10) Pause Young (Normal) (G1 Evacuation Pause) 196M->151M(1024M) 16.087ms
[2023-08-12T20:50:48.129+0000][gc,cpu        ] GC(10) User=0.05s Sys=0.00s Real=0.02s
[2023-08-12T20:53:45.085+0000][gc,start      ] GC(11) Pause Young (Normal) (G1 Evacuation Pause)
[2023-08-12T20:53:45.086+0000][gc,task       ] GC(11) Using 4 workers of 4 for evacuation
[2023-08-12T20:53:45.103+0000][gc,phases     ] GC(11)   Pre Evacuate Collection Set: 0.1ms
[2023-08-12T20:53:45.103+0000][gc,phases     ] GC(11)   Evacuate Collection Set: 15.4ms
[2023-08-12T20:53:45.103+0000][gc,phases     ] GC(11)   Post Evacuate Collection Set: 1.4ms
[2023-08-12T20:53:45.103+0000][gc,phases     ] GC(11)   Other: 0.5ms
[2023-08-12T20:53:45.103+0000][gc,heap       ] GC(11) Eden regions: 45->0(47)
[2023-08-12T20:53:45.103+0000][gc,heap       ] GC(11) Survivor regions: 6->4(7)
[2023-08-12T20:53:45.103+0000][gc,heap       ] GC(11) Old regions: 19->22
[2023-08-12T20:53:45.103+0000][gc,heap       ] GC(11) Humongous regions: 129->129
[2023-08-12T20:53:45.103+0000][gc,metaspace  ] GC(11) Metaspace: 43703K(46464K)->43703K(46464K) NonClass: 38101K(39424K)->38101K(39424K) Class: 5601K(7040K)->5601K(7040K)
[2023-08-12T20:53:45.103+0000][gc            ] GC(11) Pause Young (Normal) (G1 Evacuation Pause) 196M->152M(1024M) 17.425ms
[2023-08-12T20:53:45.103+0000][gc,cpu        ] GC(11) User=0.06s Sys=0.01s Real=0.02s
[2023-08-12T20:56:27.030+0000][gc,start      ] GC(12) Pause Young (Normal) (G1 Evacuation Pause)
[2023-08-12T20:56:27.030+0000][gc,task       ] GC(12) Using 4 workers of 4 for evacuation
[2023-08-12T20:56:27.045+0000][gc,phases     ] GC(12)   Pre Evacuate Collection Set: 0.5ms
[2023-08-12T20:56:27.045+0000][gc,phases     ] GC(12)   Evacuate Collection Set: 13.1ms
[2023-08-12T20:56:27.045+0000][gc,phases     ] GC(12)   Post Evacuate Collection Set: 1.0ms
[2023-08-12T20:56:27.045+0000][gc,phases     ] GC(12)   Other: 0.5ms
[2023-08-12T20:56:27.045+0000][gc,heap       ] GC(12) Eden regions: 47->0(44)
[2023-08-12T20:56:27.045+0000][gc,heap       ] GC(12) Survivor regions: 4->7(7)
[2023-08-12T20:56:27.045+0000][gc,heap       ] GC(12) Old regions: 22->22
[2023-08-12T20:56:27.045+0000][gc,heap       ] GC(12) Humongous regions: 129->129
[2023-08-12T20:56:27.045+0000][gc,metaspace  ] GC(12) Metaspace: 43915K(46720K)->43915K(46720K) NonClass: 38264K(39680K)->38264K(39680K) Class: 5650K(7040K)->5650K(7040K)
[2023-08-12T20:56:27.045+0000][gc            ] GC(12) Pause Young (Normal) (G1 Evacuation Pause) 199M->156M(1024M) 15.158ms
[2023-08-12T20:56:27.045+0000][gc,cpu        ] GC(12) User=0.06s Sys=0.00s Real=0.02s
[2023-08-12T20:59:04.612+0000][gc,start      ] GC(13) Pause Young (Normal) (G1 Evacuation Pause)
[2023-08-12T20:59:04.612+0000][gc,task       ] GC(13) Using 4 workers of 4 for evacuation
[2023-08-12T20:59:04.629+0000][gc,phases     ] GC(13)   Pre Evacuate Collection Set: 0.1ms
[2023-08-12T20:59:04.629+0000][gc,phases     ] GC(13)   Evacuate Collection Set: 15.3ms
[2023-08-12T20:59:04.629+0000][gc,phases     ] GC(13)   Post Evacuate Collection Set: 1.4ms
[2023-08-12T20:59:04.629+0000][gc,phases     ] GC(13)   Other: 0.6ms
[2023-08-12T20:59:04.629+0000][gc,heap       ] GC(13) Eden regions: 44->0(47)
[2023-08-12T20:59:04.629+0000][gc,heap       ] GC(13) Survivor regions: 7->4(7)
[2023-08-12T20:59:04.629+0000][gc,heap       ] GC(13) Old regions: 22->27
[2023-08-12T20:59:04.629+0000][gc,heap       ] GC(13) Humongous regions: 129->129
[2023-08-12T20:59:04.629+0000][gc,metaspace  ] GC(13) Metaspace: 43947K(46976K)->43947K(46976K) NonClass: 38296K(39936K)->38296K(39936K) Class: 5650K(7040K)->5650K(7040K)
[2023-08-12T20:59:04.629+0000][gc            ] GC(13) Pause Young (Normal) (G1 Evacuation Pause) 200M->158M(1024M) 17.383ms
[2023-08-12T20:59:04.630+0000][gc,cpu        ] GC(13) User=0.05s Sys=0.01s Real=0.02s
[2023-08-12T21:01:53.005+0000][gc,start      ] GC(14) Pause Young (Normal) (G1 Evacuation Pause)
[2023-08-12T21:01:53.005+0000][gc,task       ] GC(14) Using 4 workers of 4 for evacuation
[2023-08-12T21:01:53.021+0000][gc,phases     ] GC(14)   Pre Evacuate Collection Set: 0.1ms
[2023-08-12T21:01:53.021+0000][gc,phases     ] GC(14)   Evacuate Collection Set: 14.5ms
[2023-08-12T21:01:53.021+0000][gc,phases     ] GC(14)   Post Evacuate Collection Set: 1.2ms
[2023-08-12T21:01:53.021+0000][gc,phases     ] GC(14)   Other: 0.6ms
[2023-08-12T21:01:53.021+0000][gc,heap       ] GC(14) Eden regions: 47->0(45)
[2023-08-12T21:01:53.021+0000][gc,heap       ] GC(14) Survivor regions: 4->6(7)
[2023-08-12T21:01:53.021+0000][gc,heap       ] GC(14) Old regions: 27->27
[2023-08-12T21:01:53.021+0000][gc,heap       ] GC(14) Humongous regions: 129->129
[2023-08-12T21:01:53.021+0000][gc,metaspace  ] GC(14) Metaspace: 43965K(46976K)->43965K(46976K) NonClass: 38315K(39936K)->38315K(39936K) Class: 5650K(7040K)->5650K(7040K)
[2023-08-12T21:01:53.021+0000][gc            ] GC(14) Pause Young (Normal) (G1 Evacuation Pause) 205M->159M(1024M) 16.484ms
[2023-08-12T21:01:53.021+0000][gc,cpu        ] GC(14) User=0.06s Sys=0.00s Real=0.01s
[2023-08-12T21:04:34.206+0000][gc,start      ] GC(15) Pause Young (Normal) (G1 Evacuation Pause)
[2023-08-12T21:04:34.206+0000][gc,task       ] GC(15) Using 4 workers of 4 for evacuation
[2023-08-12T21:04:34.227+0000][gc,mmu        ] GC(15) MMU target violated: 20.8ms (20.0ms/21.0ms)
[2023-08-12T21:04:34.227+0000][gc,phases     ] GC(15)   Pre Evacuate Collection Set: 0.4ms
[2023-08-12T21:04:34.227+0000][gc,phases     ] GC(15)   Evacuate Collection Set: 18.8ms
[2023-08-12T21:04:34.227+0000][gc,phases     ] GC(15)   Post Evacuate Collection Set: 1.4ms
[2023-08-12T21:04:34.227+0000][gc,phases     ] GC(15)   Other: 0.6ms
[2023-08-12T21:04:34.227+0000][gc,heap       ] GC(15) Eden regions: 45->0(44)
[2023-08-12T21:04:34.227+0000][gc,heap       ] GC(15) Survivor regions: 6->7(7)
[2023-08-12T21:04:34.227+0000][gc,heap       ] GC(15) Old regions: 27->29
[2023-08-12T21:04:34.227+0000][gc,heap       ] GC(15) Humongous regions: 129->129
[2023-08-12T21:04:34.228+0000][gc,metaspace  ] GC(15) Metaspace: 43991K(46976K)->43991K(46976K) NonClass: 38338K(39936K)->38338K(39936K) Class: 5652K(7040K)->5652K(7040K)
[2023-08-12T21:04:34.228+0000][gc            ] GC(15) Pause Young (Normal) (G1 Evacuation Pause) 204M->163M(1024M) 21.249ms
[2023-08-12T21:04:34.228+0000][gc,cpu        ] GC(15) User=0.08s Sys=0.00s Real=0.02s
[2023-08-12T21:07:12.521+0000][gc,start      ] GC(16) Pause Young (Normal) (G1 Evacuation Pause)
[2023-08-12T21:07:12.521+0000][gc,task       ] GC(16) Using 4 workers of 4 for evacuation
[2023-08-12T21:07:12.553+0000][gc,mmu        ] GC(16) MMU target violated: 21.0ms (20.0ms/21.0ms)
[2023-08-12T21:07:12.553+0000][gc,phases     ] GC(16)   Pre Evacuate Collection Set: 0.1ms
[2023-08-12T21:07:12.553+0000][gc,phases     ] GC(16)   Evacuate Collection Set: 29.8ms
[2023-08-12T21:07:12.553+0000][gc,phases     ] GC(16)   Post Evacuate Collection Set: 1.9ms
[2023-08-12T21:07:12.553+0000][gc,phases     ] GC(16)   Other: 0.7ms
[2023-08-12T21:07:12.553+0000][gc,heap       ] GC(16) Eden regions: 44->0(47)
[2023-08-12T21:07:12.553+0000][gc,heap       ] GC(16) Survivor regions: 7->4(7)
[2023-08-12T21:07:12.553+0000][gc,heap       ] GC(16) Old regions: 29->34
[2023-08-12T21:07:12.553+0000][gc,heap       ] GC(16) Humongous regions: 129->129
[2023-08-12T21:07:12.553+0000][gc,metaspace  ] GC(16) Metaspace: 43994K(46976K)->43994K(46976K) NonClass: 38341K(39936K)->38341K(39936K) Class: 5652K(7040K)->5652K(7040K)
[2023-08-12T21:07:12.553+0000][gc            ] GC(16) Pause Young (Normal) (G1 Evacuation Pause) 207M->165M(1024M) 32.481ms
[2023-08-12T21:07:12.553+0000][gc,cpu        ] GC(16) User=0.12s Sys=0.00s Real=0.03s
[2023-08-12T21:10:03.513+0000][gc,start      ] GC(17) Pause Young (Normal) (G1 Evacuation Pause)
[2023-08-12T21:10:03.513+0000][gc,task       ] GC(17) Using 4 workers of 4 for evacuation
[2023-08-12T21:10:03.533+0000][gc,mmu        ] GC(17) MMU target violated: 20.2ms (20.0ms/21.0ms)
[2023-08-12T21:10:03.533+0000][gc,phases     ] GC(17)   Pre Evacuate Collection Set: 0.4ms
[2023-08-12T21:10:03.533+0000][gc,phases     ] GC(17)   Evacuate Collection Set: 17.9ms
[2023-08-12T21:10:03.533+0000][gc,phases     ] GC(17)   Post Evacuate Collection Set: 1.6ms
[2023-08-12T21:10:03.534+0000][gc,phases     ] GC(17)   Other: 0.7ms
[2023-08-12T21:10:03.534+0000][gc,heap       ] GC(17) Eden regions: 47->0(44)
[2023-08-12T21:10:03.534+0000][gc,heap       ] GC(17) Survivor regions: 4->7(7)
[2023-08-12T21:10:03.534+0000][gc,heap       ] GC(17) Old regions: 34->35
[2023-08-12T21:10:03.534+0000][gc,heap       ] GC(17) Humongous regions: 129->129
[2023-08-12T21:10:03.534+0000][gc,metaspace  ] GC(17) Metaspace: 44009K(46976K)->44009K(46976K) NonClass: 38357K(39936K)->38357K(39936K) Class: 5652K(7040K)->5652K(7040K)
[2023-08-12T21:10:03.534+0000][gc            ] GC(17) Pause Young (Normal) (G1 Evacuation Pause) 212M->169M(1024M) 20.715ms
[2023-08-12T21:10:03.534+0000][gc,cpu        ] GC(17) User=0.07s Sys=0.00s Real=0.02s
[2023-08-12T21:12:39.358+0000][gc,start      ] GC(18) Pause Young (Normal) (G1 Evacuation Pause)
[2023-08-12T21:12:39.358+0000][gc,task       ] GC(18) Using 4 workers of 4 for evacuation
[2023-08-12T21:12:39.388+0000][gc,mmu        ] GC(18) MMU target violated: 21.0ms (20.0ms/21.0ms)
[2023-08-12T21:12:39.388+0000][gc,phases     ] GC(18)   Pre Evacuate Collection Set: 0.0ms
[2023-08-12T21:12:39.388+0000][gc,phases     ] GC(18)   Evacuate Collection Set: 28.1ms
[2023-08-12T21:12:39.388+0000][gc,phases     ] GC(18)   Post Evacuate Collection Set: 1.9ms
[2023-08-12T21:12:39.389+0000][gc,phases     ] GC(18)   Other: 0.6ms
[2023-08-12T21:12:39.389+0000][gc,heap       ] GC(18) Eden regions: 44->0(47)
[2023-08-12T21:12:39.389+0000][gc,heap       ] GC(18) Survivor regions: 7->4(7)
[2023-08-12T21:12:39.389+0000][gc,heap       ] GC(18) Old regions: 35->40
[2023-08-12T21:12:39.389+0000][gc,heap       ] GC(18) Humongous regions: 129->129
[2023-08-12T21:12:39.389+0000][gc,metaspace  ] GC(18) Metaspace: 44022K(46976K)->44022K(46976K) NonClass: 38370K(39936K)->38370K(39936K) Class: 5652K(7040K)->5652K(7040K)
[2023-08-12T21:12:39.389+0000][gc            ] GC(18) Pause Young (Normal) (G1 Evacuation Pause) 213M->171M(1024M) 30.683ms
[2023-08-12T21:12:39.389+0000][gc,cpu        ] GC(18) User=0.11s Sys=0.00s Real=0.03s
[2023-08-12T21:15:26.465+0000][gc,start      ] GC(19) Pause Young (Normal) (G1 Evacuation Pause)
[2023-08-12T21:15:26.465+0000][gc,task       ] GC(19) Using 4 workers of 4 for evacuation
[2023-08-12T21:15:26.481+0000][gc,phases     ] GC(19)   Pre Evacuate Collection Set: 0.0ms
[2023-08-12T21:15:26.481+0000][gc,phases     ] GC(19)   Evacuate Collection Set: 13.7ms
[2023-08-12T21:15:26.481+0000][gc,phases     ] GC(19)   Post Evacuate Collection Set: 1.4ms
[2023-08-12T21:15:26.481+0000][gc,phases     ] GC(19)   Other: 0.6ms
[2023-08-12T21:15:26.481+0000][gc,heap       ] GC(19) Eden regions: 47->0(47)
[2023-08-12T21:15:26.481+0000][gc,heap       ] GC(19) Survivor regions: 4->4(7)
[2023-08-12T21:15:26.481+0000][gc,heap       ] GC(19) Old regions: 40->43
[2023-08-12T21:15:26.481+0000][gc,heap       ] GC(19) Humongous regions: 129->129
[2023-08-12T21:15:26.481+0000][gc,metaspace  ] GC(19) Metaspace: 44045K(46976K)->44045K(46976K) NonClass: 38393K(39936K)->38393K(39936K) Class: 5652K(7040K)->5652K(7040K)
[2023-08-12T21:15:26.481+0000][gc            ] GC(19) Pause Young (Normal) (G1 Evacuation Pause) 218M->173M(1024M) 15.765ms
[2023-08-12T21:15:26.481+0000][gc,cpu        ] GC(19) User=0.05s Sys=0.00s Real=0.02s
[2023-08-12T21:18:14.273+0000][gc,start      ] GC(20) Pause Young (Normal) (G1 Evacuation Pause)
[2023-08-12T21:18:14.274+0000][gc,task       ] GC(20) Using 4 workers of 4 for evacuation
[2023-08-12T21:18:14.292+0000][gc,phases     ] GC(20)   Pre Evacuate Collection Set: 0.9ms
[2023-08-12T21:18:14.292+0000][gc,phases     ] GC(20)   Evacuate Collection Set: 15.3ms
[2023-08-12T21:18:14.292+0000][gc,phases     ] GC(20)   Post Evacuate Collection Set: 1.5ms
[2023-08-12T21:18:14.292+0000][gc,phases     ] GC(20)   Other: 0.5ms
[2023-08-12T21:18:14.292+0000][gc,heap       ] GC(20) Eden regions: 47->0(44)
[2023-08-12T21:18:14.292+0000][gc,heap       ] GC(20) Survivor regions: 4->7(7)
[2023-08-12T21:18:14.292+0000][gc,heap       ] GC(20) Old regions: 43->43
[2023-08-12T21:18:14.292+0000][gc,heap       ] GC(20) Humongous regions: 129->129
[2023-08-12T21:18:14.292+0000][gc,metaspace  ] GC(20) Metaspace: 44070K(46976K)->44070K(46976K) NonClass: 38418K(39936K)->38418K(39936K) Class: 5652K(7040K)->5652K(7040K)
[2023-08-12T21:18:14.292+0000][gc            ] GC(20) Pause Young (Normal) (G1 Evacuation Pause) 220M->177M(1024M) 18.412ms
[2023-08-12T21:18:14.292+0000][gc,cpu        ] GC(20) User=0.07s Sys=0.00s Real=0.02s
[2023-08-12T21:20:51.338+0000][gc,start      ] GC(21) Pause Young (Normal) (G1 Evacuation Pause)
[2023-08-12T21:20:51.338+0000][gc,task       ] GC(21) Using 4 workers of 4 for evacuation
[2023-08-12T21:20:51.361+0000][gc,mmu        ] GC(21) MMU target violated: 21.0ms (20.0ms/21.0ms)
[2023-08-12T21:20:51.361+0000][gc,phases     ] GC(21)   Pre Evacuate Collection Set: 0.1ms
[2023-08-12T21:20:51.361+0000][gc,phases     ] GC(21)   Evacuate Collection Set: 21.1ms
[2023-08-12T21:20:51.361+0000][gc,phases     ] GC(21)   Post Evacuate Collection Set: 1.3ms
[2023-08-12T21:20:51.361+0000][gc,phases     ] GC(21)   Other: 0.7ms
[2023-08-12T21:20:51.361+0000][gc,heap       ] GC(21) Eden regions: 44->0(47)
[2023-08-12T21:20:51.361+0000][gc,heap       ] GC(21) Survivor regions: 7->4(7)
[2023-08-12T21:20:51.361+0000][gc,heap       ] GC(21) Old regions: 43->48
[2023-08-12T21:20:51.361+0000][gc,heap       ] GC(21) Humongous regions: 129->129
[2023-08-12T21:20:51.361+0000][gc,metaspace  ] GC(21) Metaspace: 44095K(46976K)->44095K(46976K) NonClass: 38441K(39936K)->38441K(39936K) Class: 5653K(7040K)->5653K(7040K)
[2023-08-12T21:20:51.361+0000][gc            ] GC(21) Pause Young (Normal) (G1 Evacuation Pause) 221M->179M(1024M) 23.377ms
[2023-08-12T21:20:51.361+0000][gc,cpu        ] GC(21) User=0.08s Sys=0.00s Real=0.03s
[2023-08-12T21:23:28.436+0000][gc,start      ] GC(22) Pause Young (Normal) (G1 Evacuation Pause)
[2023-08-12T21:23:28.437+0000][gc,task       ] GC(22) Using 4 workers of 4 for evacuation
[2023-08-12T21:23:28.445+0000][gc,phases     ] GC(22)   Pre Evacuate Collection Set: 0.5ms
[2023-08-12T21:23:28.445+0000][gc,phases     ] GC(22)   Evacuate Collection Set: 6.9ms
[2023-08-12T21:23:28.445+0000][gc,phases     ] GC(22)   Post Evacuate Collection Set: 0.6ms
[2023-08-12T21:23:28.445+0000][gc,phases     ] GC(22)   Other: 0.4ms
[2023-08-12T21:23:28.445+0000][gc,heap       ] GC(22) Eden regions: 47->0(44)
[2023-08-12T21:23:28.445+0000][gc,heap       ] GC(22) Survivor regions: 4->7(7)
[2023-08-12T21:23:28.445+0000][gc,heap       ] GC(22) Old regions: 48->48
[2023-08-12T21:23:28.445+0000][gc,heap       ] GC(22) Humongous regions: 129->129
[2023-08-12T21:23:28.445+0000][gc,metaspace  ] GC(22) Metaspace: 44309K(47360K)->44309K(47360K) NonClass: 38629K(40192K)->38629K(40192K) Class: 5680K(7168K)->5680K(7168K)
[2023-08-12T21:23:28.445+0000][gc            ] GC(22) Pause Young (Normal) (G1 Evacuation Pause) 226M->182M(1024M) 8.353ms
[2023-08-12T21:23:28.445+0000][gc,cpu        ] GC(22) User=0.03s Sys=0.00s Real=0.01s
[2023-08-12T21:26:04.030+0000][gc,start      ] GC(23) Pause Young (Normal) (G1 Evacuation Pause)
[2023-08-12T21:26:04.031+0000][gc,task       ] GC(23) Using 4 workers of 4 for evacuation
[2023-08-12T21:26:04.039+0000][gc,phases     ] GC(23)   Pre Evacuate Collection Set: 0.1ms
[2023-08-12T21:26:04.039+0000][gc,phases     ] GC(23)   Evacuate Collection Set: 7.7ms
[2023-08-12T21:26:04.039+0000][gc,phases     ] GC(23)   Post Evacuate Collection Set: 0.6ms
[2023-08-12T21:26:04.039+0000][gc,phases     ] GC(23)   Other: 0.4ms
[2023-08-12T21:26:04.039+0000][gc,heap       ] GC(23) Eden regions: 44->0(48)
[2023-08-12T21:26:04.039+0000][gc,heap       ] GC(23) Survivor regions: 7->4(7)
[2023-08-12T21:26:04.039+0000][gc,heap       ] GC(23) Old regions: 48->53
[2023-08-12T21:26:04.039+0000][gc,heap       ] GC(23) Humongous regions: 129->129
[2023-08-12T21:26:04.039+0000][gc,metaspace  ] GC(23) Metaspace: 44327K(47360K)->44327K(47360K) NonClass: 38646K(40192K)->38646K(40192K) Class: 5680K(7168K)->5680K(7168K)
[2023-08-12T21:26:04.039+0000][gc            ] GC(23) Pause Young (Normal) (G1 Evacuation Pause) 226M->183M(1024M) 8.858ms
[2023-08-12T21:26:04.039+0000][gc,cpu        ] GC(23) User=0.02s Sys=0.02s Real=0.01s
[2023-08-12T21:28:55.688+0000][gc,start      ] GC(24) Pause Young (Normal) (G1 Evacuation Pause)
[2023-08-12T21:28:55.688+0000][gc,task       ] GC(24) Using 4 workers of 4 for evacuation
[2023-08-12T21:28:55.696+0000][gc,phases     ] GC(24)   Pre Evacuate Collection Set: 0.0ms
[2023-08-12T21:28:55.696+0000][gc,phases     ] GC(24)   Evacuate Collection Set: 6.2ms
[2023-08-12T21:28:55.696+0000][gc,phases     ] GC(24)   Post Evacuate Collection Set: 0.6ms
[2023-08-12T21:28:55.696+0000][gc,phases     ] GC(24)   Other: 0.4ms
[2023-08-12T21:28:55.696+0000][gc,heap       ] GC(24) Eden regions: 48->0(52)
[2023-08-12T21:28:55.696+0000][gc,heap       ] GC(24) Survivor regions: 4->6(7)
[2023-08-12T21:28:55.696+0000][gc,heap       ] GC(24) Old regions: 53->53
[2023-08-12T21:28:55.696+0000][gc,heap       ] GC(24) Humongous regions: 129->129
[2023-08-12T21:28:55.696+0000][gc,metaspace  ] GC(24) Metaspace: 44341K(47360K)->44341K(47360K) NonClass: 38660K(40192K)->38660K(40192K) Class: 5680K(7168K)->5680K(7168K)
[2023-08-12T21:28:55.696+0000][gc            ] GC(24) Pause Young (Normal) (G1 Evacuation Pause) 231M->185M(1024M) 7.293ms
[2023-08-12T21:28:55.696+0000][gc,cpu        ] GC(24) User=0.01s Sys=0.01s Real=0.01s
[2023-08-12T21:32:02.911+0000][gc,start      ] GC(25) Pause Young (Normal) (G1 Evacuation Pause)
[2023-08-12T21:32:02.911+0000][gc,task       ] GC(25) Using 4 workers of 4 for evacuation
[2023-08-12T21:32:02.921+0000][gc,phases     ] GC(25)   Pre Evacuate Collection Set: 0.4ms
[2023-08-12T21:32:02.921+0000][gc,phases     ] GC(25)   Evacuate Collection Set: 8.8ms
[2023-08-12T21:32:02.921+0000][gc,phases     ] GC(25)   Post Evacuate Collection Set: 0.5ms
[2023-08-12T21:32:02.921+0000][gc,phases     ] GC(25)   Other: 0.4ms
[2023-08-12T21:32:02.921+0000][gc,heap       ] GC(25) Eden regions: 52->0(58)
[2023-08-12T21:32:02.921+0000][gc,heap       ] GC(25) Survivor regions: 6->8(8)
[2023-08-12T21:32:02.921+0000][gc,heap       ] GC(25) Old regions: 53->55
[2023-08-12T21:32:02.921+0000][gc,heap       ] GC(25) Humongous regions: 129->129
[2023-08-12T21:32:02.921+0000][gc,metaspace  ] GC(25) Metaspace: 44349K(47360K)->44349K(47360K) NonClass: 38669K(40192K)->38669K(40192K) Class: 5680K(7168K)->5680K(7168K)
[2023-08-12T21:32:02.921+0000][gc            ] GC(25) Pause Young (Normal) (G1 Evacuation Pause) 237M->190M(1024M) 10.146ms
[2023-08-12T21:32:02.921+0000][gc,cpu        ] GC(25) User=0.04s Sys=0.00s Real=0.01s
[2023-08-12T21:35:30.753+0000][gc,start      ] GC(26) Pause Young (Normal) (G1 Evacuation Pause)
[2023-08-12T21:35:30.753+0000][gc,task       ] GC(26) Using 4 workers of 4 for evacuation
[2023-08-12T21:35:30.767+0000][gc,phases     ] GC(26)   Pre Evacuate Collection Set: 0.0ms
[2023-08-12T21:35:30.767+0000][gc,phases     ] GC(26)   Evacuate Collection Set: 13.3ms
[2023-08-12T21:35:30.767+0000][gc,phases     ] GC(26)   Post Evacuate Collection Set: 0.7ms
[2023-08-12T21:35:30.767+0000][gc,phases     ] GC(26)   Other: 0.5ms
[2023-08-12T21:35:30.767+0000][gc,heap       ] GC(26) Eden regions: 58->0(60)
[2023-08-12T21:35:30.767+0000][gc,heap       ] GC(26) Survivor regions: 8->7(9)
[2023-08-12T21:35:30.767+0000][gc,heap       ] GC(26) Old regions: 55->61
[2023-08-12T21:35:30.767+0000][gc,heap       ] GC(26) Humongous regions: 129->129
[2023-08-12T21:35:30.767+0000][gc,metaspace  ] GC(26) Metaspace: 44355K(47360K)->44355K(47360K) NonClass: 38674K(40192K)->38674K(40192K) Class: 5680K(7168K)->5680K(7168K)
[2023-08-12T21:35:30.767+0000][gc            ] GC(26) Pause Young (Normal) (G1 Evacuation Pause) 248M->194M(1024M) 14.584ms
[2023-08-12T21:35:30.768+0000][gc,cpu        ] GC(26) User=0.04s Sys=0.01s Real=0.02s
[2023-08-12T21:39:05.594+0000][gc,start      ] GC(27) Pause Young (Normal) (G1 Evacuation Pause)
[2023-08-12T21:39:05.594+0000][gc,task       ] GC(27) Using 4 workers of 4 for evacuation
[2023-08-12T21:39:05.604+0000][gc,phases     ] GC(27)   Pre Evacuate Collection Set: 0.0ms
[2023-08-12T21:39:05.604+0000][gc,phases     ] GC(27)   Evacuate Collection Set: 8.5ms
[2023-08-12T21:39:05.604+0000][gc,phases     ] GC(27)   Post Evacuate Collection Set: 1.0ms
[2023-08-12T21:39:05.604+0000][gc,phases     ] GC(27)   Other: 0.5ms
[2023-08-12T21:39:05.604+0000][gc,heap       ] GC(27) Eden regions: 60->0(610)
[2023-08-12T21:39:05.604+0000][gc,heap       ] GC(27) Survivor regions: 7->4(9)
[2023-08-12T21:39:05.604+0000][gc,heap       ] GC(27) Old regions: 61->64
[2023-08-12T21:39:05.604+0000][gc,heap       ] GC(27) Humongous regions: 129->129
[2023-08-12T21:39:05.604+0000][gc,metaspace  ] GC(27) Metaspace: 44396K(47360K)->44396K(47360K) NonClass: 38716K(40192K)->38716K(40192K) Class: 5680K(7168K)->5680K(7168K)
[2023-08-12T21:39:05.604+0000][gc            ] GC(27) Pause Young (Normal) (G1 Evacuation Pause) 254M->195M(1024M) 10.122ms
[2023-08-12T21:39:05.604+0000][gc,cpu        ] GC(27) User=0.04s Sys=0.00s Real=0.01s
[2023-08-12T21:45:56.093+0000][gc,heap,exit  ] Heap
[2023-08-12T21:45:56.093+0000][gc,heap,exit  ]  garbage-first heap   total 1048576K, used 332396K [0x00000000c0000000, 0x0000000100000000)
[2023-08-12T21:45:56.093+0000][gc,heap,exit  ]   region size 1024K, 134 young (137216K), 4 survivors (4096K)
[2023-08-12T21:45:56.093+0000][gc,heap,exit  ]  Metaspace       used 45091K, capacity 48037K, committed 48384K, reserved 1089536K
[2023-08-12T21:45:56.093+0000][gc,heap,exit  ]   class space    used 5866K, capacity 7313K, committed 7424K, reserved 1048576K
