[2023-08-12T20:13:24.749+0000][gc,heap] Heap region size: 1M
[2023-08-12T20:13:24.766+0000][gc     ] Using G1
[2023-08-12T20:13:24.766+0000][gc,heap,coops] Heap address: 0x00000000c0000000, size: 1024 MB, Compressed Oops mode: 32-bit
[2023-08-12T20:13:24.766+0000][gc,cds       ] Mark closed archive regions in map: [0x00000000fff00000, 0x00000000fff6aff8]
[2023-08-12T20:13:24.766+0000][gc,cds       ] Mark open archive regions in map: [0x00000000ffe00000, 0x00000000ffe46ff8]
[2023-08-12T20:13:25.777+0000][gc,start     ] GC(0) Pause Young (Normal) (G1 Evacuation Pause)
[2023-08-12T20:13:25.778+0000][gc,task      ] GC(0) Using 4 workers of 4 for evacuation
[2023-08-12T20:13:25.807+0000][gc,mmu       ] GC(0) MMU target violated: 21.0ms (20.0ms/21.0ms)
[2023-08-12T20:13:25.807+0000][gc,phases    ] GC(0)   Pre Evacuate Collection Set: 0.0ms
[2023-08-12T20:13:25.807+0000][gc,phases    ] GC(0)   Evacuate Collection Set: 27.7ms
[2023-08-12T20:13:25.807+0000][gc,phases    ] GC(0)   Post Evacuate Collection Set: 0.7ms
[2023-08-12T20:13:25.807+0000][gc,phases    ] GC(0)   Other: 1.8ms
[2023-08-12T20:13:25.807+0000][gc,heap      ] GC(0) Eden regions: 51->0(44)
[2023-08-12T20:13:25.807+0000][gc,heap      ] GC(0) Survivor regions: 0->7(7)
[2023-08-12T20:13:25.807+0000][gc,heap      ] GC(0) Old regions: 2->2
[2023-08-12T20:13:25.807+0000][gc,heap      ] GC(0) Humongous regions: 0->0
[2023-08-12T20:13:25.807+0000][gc,metaspace ] GC(0) Metaspace: 14175K(14848K)->14175K(14848K) NonClass: 12433K(12800K)->12433K(12800K) Class: 1741K(2048K)->1741K(2048K)
[2023-08-12T20:13:25.807+0000][gc           ] GC(0) Pause Young (Normal) (G1 Evacuation Pause) 51M->7M(1024M) 30.241ms
[2023-08-12T20:13:25.807+0000][gc,cpu       ] GC(0) User=0.06s Sys=0.00s Real=0.03s
[2023-08-12T20:13:26.597+0000][gc,start     ] GC(1) Pause Young (Concurrent Start) (Metadata GC Threshold)
[2023-08-12T20:13:26.598+0000][gc,task      ] GC(1) Using 4 workers of 4 for evacuation
[2023-08-12T20:13:26.617+0000][gc,phases    ] GC(1)   Pre Evacuate Collection Set: 0.1ms
[2023-08-12T20:13:26.617+0000][gc,phases    ] GC(1)   Evacuate Collection Set: 18.6ms
[2023-08-12T20:13:26.617+0000][gc,phases    ] GC(1)   Post Evacuate Collection Set: 0.4ms
[2023-08-12T20:13:26.617+0000][gc,phases    ] GC(1)   Other: 0.2ms
[2023-08-12T20:13:26.617+0000][gc,heap      ] GC(1) Eden regions: 29->0(49)
[2023-08-12T20:13:26.617+0000][gc,heap      ] GC(1) Survivor regions: 7->2(7)
[2023-08-12T20:13:26.617+0000][gc,heap      ] GC(1) Old regions: 2->9
[2023-08-12T20:13:26.617+0000][gc,heap      ] GC(1) Humongous regions: 0->0
[2023-08-12T20:13:26.617+0000][gc,metaspace ] GC(1) Metaspace: 20591K(21248K)->20591K(21248K) NonClass: 18092K(18432K)->18092K(18432K) Class: 2499K(2816K)->2499K(2816K)
[2023-08-12T20:13:26.617+0000][gc           ] GC(1) Pause Young (Concurrent Start) (Metadata GC Threshold) 35M->8M(1024M) 19.526ms
[2023-08-12T20:13:26.617+0000][gc,cpu       ] GC(1) User=0.01s Sys=0.02s Real=0.02s
[2023-08-12T20:13:26.617+0000][gc           ] GC(2) Concurrent Cycle
[2023-08-12T20:13:26.618+0000][gc,marking   ] GC(2) Concurrent Clear Claimed Marks
[2023-08-12T20:13:26.618+0000][gc,marking   ] GC(2) Concurrent Clear Claimed Marks 0.114ms
[2023-08-12T20:13:26.618+0000][gc,marking   ] GC(2) Concurrent Scan Root Regions
[2023-08-12T20:13:26.619+0000][gc,marking   ] GC(2) Concurrent Scan Root Regions 1.766ms
[2023-08-12T20:13:26.619+0000][gc,marking   ] GC(2) Concurrent Mark (1.873s)
[2023-08-12T20:13:26.619+0000][gc,marking   ] GC(2) Concurrent Mark From Roots
[2023-08-12T20:13:26.619+0000][gc,task      ] GC(2) Using 1 workers of 1 for marking
[2023-08-12T20:13:26.629+0000][gc,marking   ] GC(2) Concurrent Mark From Roots 9.703ms
[2023-08-12T20:13:26.629+0000][gc,marking   ] GC(2) Concurrent Preclean
[2023-08-12T20:13:26.629+0000][gc,marking   ] GC(2) Concurrent Preclean 0.080ms
[2023-08-12T20:13:26.629+0000][gc,marking   ] GC(2) Concurrent Mark (1.873s, 1.883s) 9.829ms
[2023-08-12T20:13:26.630+0000][gc,start     ] GC(2) Pause Remark
[2023-08-12T20:13:26.636+0000][gc,stringtable] GC(2) Cleaned string and symbol table, strings: 5282 processed, 0 removed, symbols: 53421 processed, 47 removed
[2023-08-12T20:13:26.636+0000][gc            ] GC(2) Pause Remark 9M->9M(1024M) 6.004ms
[2023-08-12T20:13:26.636+0000][gc,cpu        ] GC(2) User=0.01s Sys=0.00s Real=0.01s
[2023-08-12T20:13:26.636+0000][gc,marking    ] GC(2) Concurrent Rebuild Remembered Sets
[2023-08-12T20:13:26.641+0000][gc,marking    ] GC(2) Concurrent Rebuild Remembered Sets 4.735ms
[2023-08-12T20:13:26.641+0000][gc,start      ] GC(2) Pause Cleanup
[2023-08-12T20:13:26.641+0000][gc            ] GC(2) Pause Cleanup 9M->9M(1024M) 0.214ms
[2023-08-12T20:13:26.641+0000][gc,cpu        ] GC(2) User=0.00s Sys=0.00s Real=0.00s
[2023-08-12T20:13:26.641+0000][gc,marking    ] GC(2) Concurrent Cleanup for Next Mark
[2023-08-12T20:13:26.648+0000][gc,marking    ] GC(2) Concurrent Cleanup for Next Mark 6.854ms
[2023-08-12T20:13:26.648+0000][gc            ] GC(2) Concurrent Cycle 30.948ms
[2023-08-12T20:13:27.986+0000][gc,start      ] GC(3) Pause Young (Normal) (G1 Evacuation Pause)
[2023-08-12T20:13:27.986+0000][gc,task       ] GC(3) Using 4 workers of 4 for evacuation
[2023-08-12T20:13:28.042+0000][gc,mmu        ] GC(3) MMU target violated: 21.0ms (20.0ms/21.0ms)
[2023-08-12T20:13:28.042+0000][gc,phases     ] GC(3)   Pre Evacuate Collection Set: 0.0ms
[2023-08-12T20:13:28.042+0000][gc,phases     ] GC(3)   Evacuate Collection Set: 55.9ms
[2023-08-12T20:13:28.042+0000][gc,phases     ] GC(3)   Post Evacuate Collection Set: 0.4ms
[2023-08-12T20:13:28.042+0000][gc,phases     ] GC(3)   Other: 0.3ms
[2023-08-12T20:13:28.042+0000][gc,heap       ] GC(3) Eden regions: 49->0(46)
[2023-08-12T20:13:28.042+0000][gc,heap       ] GC(3) Survivor regions: 2->5(7)
[2023-08-12T20:13:28.042+0000][gc,heap       ] GC(3) Old regions: 9->9
[2023-08-12T20:13:28.042+0000][gc,heap       ] GC(3) Humongous regions: 129->129
[2023-08-12T20:13:28.042+0000][gc,metaspace  ] GC(3) Metaspace: 28535K(29696K)->28535K(29696K) NonClass: 25221K(25856K)->25221K(25856K) Class: 3314K(3840K)->3314K(3840K)
[2023-08-12T20:13:28.042+0000][gc            ] GC(3) Pause Young (Normal) (G1 Evacuation Pause) 186M->141M(1024M) 56.700ms
[2023-08-12T20:13:28.042+0000][gc,cpu        ] GC(3) User=0.04s Sys=0.00s Real=0.06s
[2023-08-12T20:13:29.113+0000][gc,start      ] GC(4) Pause Young (Concurrent Start) (Metadata GC Threshold)
[2023-08-12T20:13:29.113+0000][gc,task       ] GC(4) Using 4 workers of 4 for evacuation
[2023-08-12T20:13:29.140+0000][gc,mmu        ] GC(4) MMU target violated: 21.0ms (20.0ms/21.0ms)
[2023-08-12T20:13:29.140+0000][gc,phases     ] GC(4)   Pre Evacuate Collection Set: 0.1ms
[2023-08-12T20:13:29.140+0000][gc,phases     ] GC(4)   Evacuate Collection Set: 25.0ms
[2023-08-12T20:13:29.140+0000][gc,phases     ] GC(4)   Post Evacuate Collection Set: 1.4ms
[2023-08-12T20:13:29.140+0000][gc,phases     ] GC(4)   Other: 0.4ms
[2023-08-12T20:13:29.140+0000][gc,heap       ] GC(4) Eden regions: 31->0(49)
[2023-08-12T20:13:29.140+0000][gc,heap       ] GC(4) Survivor regions: 5->2(7)
[2023-08-12T20:13:29.140+0000][gc,heap       ] GC(4) Old regions: 9->14
[2023-08-12T20:13:29.140+0000][gc,heap       ] GC(4) Humongous regions: 129->129
[2023-08-12T20:13:29.140+0000][gc,metaspace  ] GC(4) Metaspace: 34448K(35840K)->34448K(35840K) NonClass: 30402K(31104K)->30402K(31104K) Class: 4046K(4736K)->4046K(4736K)
[2023-08-12T20:13:29.140+0000][gc            ] GC(4) Pause Young (Concurrent Start) (Metadata GC Threshold) 172M->142M(1024M) 26.887ms
[2023-08-12T20:13:29.140+0000][gc,cpu        ] GC(4) User=0.02s Sys=0.01s Real=0.02s
[2023-08-12T20:13:29.140+0000][gc            ] GC(5) Concurrent Cycle
[2023-08-12T20:13:29.140+0000][gc,marking    ] GC(5) Concurrent Clear Claimed Marks
[2023-08-12T20:13:29.140+0000][gc,marking    ] GC(5) Concurrent Clear Claimed Marks 0.153ms
[2023-08-12T20:13:29.140+0000][gc,marking    ] GC(5) Concurrent Scan Root Regions
[2023-08-12T20:13:29.142+0000][gc,marking    ] GC(5) Concurrent Scan Root Regions 1.604ms
[2023-08-12T20:13:29.142+0000][gc,marking    ] GC(5) Concurrent Mark (4.395s)
[2023-08-12T20:13:29.142+0000][gc,marking    ] GC(5) Concurrent Mark From Roots
[2023-08-12T20:13:29.142+0000][gc,task       ] GC(5) Using 1 workers of 1 for marking
[2023-08-12T20:13:29.192+0000][gc,marking    ] GC(5) Concurrent Mark From Roots 50.640ms
[2023-08-12T20:13:29.192+0000][gc,marking    ] GC(5) Concurrent Preclean
[2023-08-12T20:13:29.192+0000][gc,marking    ] GC(5) Concurrent Preclean 0.072ms
[2023-08-12T20:13:29.192+0000][gc,marking    ] GC(5) Concurrent Mark (4.395s, 4.446s) 50.764ms
[2023-08-12T20:13:29.207+0000][gc,start      ] GC(5) Pause Remark
[2023-08-12T20:13:29.225+0000][gc,stringtable] GC(5) Cleaned string and symbol table, strings: 10616 processed, 17 removed, symbols: 85537 processed, 15 removed
[2023-08-12T20:13:29.225+0000][gc            ] GC(5) Pause Remark 146M->146M(1024M) 18.667ms
[2023-08-12T20:13:29.225+0000][gc,cpu        ] GC(5) User=0.01s Sys=0.00s Real=0.02s
[2023-08-12T20:13:29.231+0000][gc,marking    ] GC(5) Concurrent Rebuild Remembered Sets
[2023-08-12T20:13:29.304+0000][gc,marking    ] GC(5) Concurrent Rebuild Remembered Sets 72.868ms
[2023-08-12T20:13:29.306+0000][gc,start      ] GC(5) Pause Cleanup
[2023-08-12T20:13:29.306+0000][gc            ] GC(5) Pause Cleanup 148M->148M(1024M) 0.160ms
[2023-08-12T20:13:29.306+0000][gc,cpu        ] GC(5) User=0.00s Sys=0.00s Real=0.00s
[2023-08-12T20:13:29.311+0000][gc,marking    ] GC(5) Concurrent Cleanup for Next Mark
[2023-08-12T20:13:29.341+0000][gc,marking    ] GC(5) Concurrent Cleanup for Next Mark 29.498ms
[2023-08-12T20:13:29.341+0000][gc            ] GC(5) Concurrent Cycle 200.921ms
[2023-08-12T20:13:32.329+0000][gc,start      ] GC(6) Pause Young (Concurrent Start) (G1 Evacuation Pause)
[2023-08-12T20:13:32.329+0000][gc,task       ] GC(6) Using 4 workers of 4 for evacuation
[2023-08-12T20:13:32.339+0000][gc,phases     ] GC(6)   Pre Evacuate Collection Set: 0.2ms
[2023-08-12T20:13:32.339+0000][gc,phases     ] GC(6)   Evacuate Collection Set: 9.1ms
[2023-08-12T20:13:32.339+0000][gc,phases     ] GC(6)   Post Evacuate Collection Set: 0.6ms
[2023-08-12T20:13:32.339+0000][gc,phases     ] GC(6)   Other: 0.2ms
[2023-08-12T20:13:32.339+0000][gc,heap       ] GC(6) Eden regions: 49->0(46)
[2023-08-12T20:13:32.339+0000][gc,heap       ] GC(6) Survivor regions: 2->5(7)
[2023-08-12T20:13:32.339+0000][gc,heap       ] GC(6) Old regions: 14->14
[2023-08-12T20:13:32.339+0000][gc,heap       ] GC(6) Humongous regions: 129->129
[2023-08-12T20:13:32.339+0000][gc,metaspace  ] GC(6) Metaspace: 40376K(42752K)->40376K(42752K) NonClass: 35203K(36352K)->35203K(36352K) Class: 5172K(6400K)->5172K(6400K)
[2023-08-12T20:13:32.339+0000][gc            ] GC(6) Pause Young (Concurrent Start) (G1 Evacuation Pause) 191M->145M(1024M) 10.315ms
[2023-08-12T20:13:32.339+0000][gc,cpu        ] GC(6) User=0.02s Sys=0.00s Real=0.01s
[2023-08-12T20:13:32.339+0000][gc            ] GC(7) Concurrent Cycle
[2023-08-12T20:13:32.339+0000][gc,marking    ] GC(7) Concurrent Clear Claimed Marks
[2023-08-12T20:13:32.340+0000][gc,marking    ] GC(7) Concurrent Clear Claimed Marks 0.123ms
[2023-08-12T20:13:32.340+0000][gc,marking    ] GC(7) Concurrent Scan Root Regions
[2023-08-12T20:13:32.343+0000][gc,marking    ] GC(7) Concurrent Scan Root Regions 3.178ms
[2023-08-12T20:13:32.343+0000][gc,marking    ] GC(7) Concurrent Mark (7.597s)
[2023-08-12T20:13:32.343+0000][gc,marking    ] GC(7) Concurrent Mark From Roots
[2023-08-12T20:13:32.343+0000][gc,task       ] GC(7) Using 1 workers of 1 for marking
[2023-08-12T20:13:32.368+0000][gc,marking    ] GC(7) Concurrent Mark From Roots 25.489ms
[2023-08-12T20:13:32.368+0000][gc,marking    ] GC(7) Concurrent Preclean
[2023-08-12T20:13:32.368+0000][gc,marking    ] GC(7) Concurrent Preclean 0.102ms
[2023-08-12T20:13:32.368+0000][gc,marking    ] GC(7) Concurrent Mark (7.597s, 7.622s) 25.654ms
[2023-08-12T20:13:32.369+0000][gc,start      ] GC(7) Pause Remark
[2023-08-12T20:13:32.375+0000][gc,stringtable] GC(7) Cleaned string and symbol table, strings: 12067 processed, 60 removed, symbols: 92515 processed, 1 removed
[2023-08-12T20:13:32.376+0000][gc            ] GC(7) Pause Remark 145M->145M(1024M) 6.430ms
[2023-08-12T20:13:32.376+0000][gc,cpu        ] GC(7) User=0.01s Sys=0.00s Real=0.01s
[2023-08-12T20:13:32.376+0000][gc,marking    ] GC(7) Concurrent Rebuild Remembered Sets
[2023-08-12T20:13:32.388+0000][gc,marking    ] GC(7) Concurrent Rebuild Remembered Sets 12.213ms
[2023-08-12T20:13:32.388+0000][gc,start      ] GC(7) Pause Cleanup
[2023-08-12T20:13:32.388+0000][gc            ] GC(7) Pause Cleanup 146M->146M(1024M) 0.244ms
[2023-08-12T20:13:32.388+0000][gc,cpu        ] GC(7) User=0.00s Sys=0.00s Real=0.00s
[2023-08-12T20:13:32.389+0000][gc,marking    ] GC(7) Concurrent Cleanup for Next Mark
[2023-08-12T20:13:32.390+0000][gc,marking    ] GC(7) Concurrent Cleanup for Next Mark 1.163ms
[2023-08-12T20:13:32.390+0000][gc            ] GC(7) Concurrent Cycle 50.353ms
[2023-08-12T20:15:04.142+0000][gc,start      ] GC(8) Pause Young (Normal) (G1 Evacuation Pause)
[2023-08-12T20:15:04.142+0000][gc,task       ] GC(8) Using 4 workers of 4 for evacuation
[2023-08-12T20:15:04.161+0000][gc,phases     ] GC(8)   Pre Evacuate Collection Set: 0.0ms
[2023-08-12T20:15:04.161+0000][gc,phases     ] GC(8)   Evacuate Collection Set: 16.8ms
[2023-08-12T20:15:04.161+0000][gc,phases     ] GC(8)   Post Evacuate Collection Set: 1.6ms
[2023-08-12T20:15:04.161+0000][gc,phases     ] GC(8)   Other: 0.6ms
[2023-08-12T20:15:04.161+0000][gc,heap       ] GC(8) Eden regions: 46->0(44)
[2023-08-12T20:15:04.161+0000][gc,heap       ] GC(8) Survivor regions: 5->7(7)
[2023-08-12T20:15:04.161+0000][gc,heap       ] GC(8) Old regions: 14->15
[2023-08-12T20:15:04.161+0000][gc,heap       ] GC(8) Humongous regions: 129->129
[2023-08-12T20:15:04.161+0000][gc,metaspace  ] GC(8) Metaspace: 43337K(46080K)->43337K(46080K) NonClass: 37746K(39168K)->37746K(39168K) Class: 5590K(6912K)->5590K(6912K)
[2023-08-12T20:15:04.161+0000][gc            ] GC(8) Pause Young (Normal) (G1 Evacuation Pause) 191M->149M(1024M) 19.107ms
[2023-08-12T20:15:04.161+0000][gc,cpu        ] GC(8) User=0.07s Sys=0.00s Real=0.02s
[2023-08-12T20:17:53.590+0000][gc,start      ] GC(9) Pause Young (Normal) (G1 Evacuation Pause)
[2023-08-12T20:17:53.591+0000][gc,task       ] GC(9) Using 4 workers of 4 for evacuation
[2023-08-12T20:17:53.605+0000][gc,phases     ] GC(9)   Pre Evacuate Collection Set: 0.2ms
[2023-08-12T20:17:53.605+0000][gc,phases     ] GC(9)   Evacuate Collection Set: 12.8ms
[2023-08-12T20:17:53.605+0000][gc,phases     ] GC(9)   Post Evacuate Collection Set: 1.4ms
[2023-08-12T20:17:53.605+0000][gc,phases     ] GC(9)   Other: 0.6ms
[2023-08-12T20:17:53.605+0000][gc,heap       ] GC(9) Eden regions: 44->0(49)
[2023-08-12T20:17:53.605+0000][gc,heap       ] GC(9) Survivor regions: 7->2(7)
[2023-08-12T20:17:53.605+0000][gc,heap       ] GC(9) Old regions: 15->19
[2023-08-12T20:17:53.605+0000][gc,heap       ] GC(9) Humongous regions: 129->129
[2023-08-12T20:17:53.605+0000][gc,metaspace  ] GC(9) Metaspace: 43453K(46080K)->43453K(46080K) NonClass: 37857K(39168K)->37857K(39168K) Class: 5595K(6912K)->5595K(6912K)
[2023-08-12T20:17:53.606+0000][gc            ] GC(9) Pause Young (Normal) (G1 Evacuation Pause) 193M->148M(1024M) 15.041ms
[2023-08-12T20:17:53.606+0000][gc,cpu        ] GC(9) User=0.05s Sys=0.00s Real=0.01s
[2023-08-12T20:20:34.079+0000][gc,start      ] GC(10) Pause Young (Normal) (G1 Evacuation Pause)
[2023-08-12T20:20:34.080+0000][gc,task       ] GC(10) Using 4 workers of 4 for evacuation
[2023-08-12T20:20:34.094+0000][gc,phases     ] GC(10)   Pre Evacuate Collection Set: 0.4ms
[2023-08-12T20:20:34.094+0000][gc,phases     ] GC(10)   Evacuate Collection Set: 12.5ms
[2023-08-12T20:20:34.094+0000][gc,phases     ] GC(10)   Post Evacuate Collection Set: 1.3ms
[2023-08-12T20:20:34.094+0000][gc,phases     ] GC(10)   Other: 0.5ms
[2023-08-12T20:20:34.094+0000][gc,heap       ] GC(10) Eden regions: 49->0(46)
[2023-08-12T20:20:34.094+0000][gc,heap       ] GC(10) Survivor regions: 2->5(7)
[2023-08-12T20:20:34.094+0000][gc,heap       ] GC(10) Old regions: 19->19
[2023-08-12T20:20:34.094+0000][gc,heap       ] GC(10) Humongous regions: 129->129
[2023-08-12T20:20:34.094+0000][gc,metaspace  ] GC(10) Metaspace: 43686K(46592K)->43686K(46592K) NonClass: 38080K(39680K)->38080K(39680K) Class: 5606K(6912K)->5606K(6912K)
[2023-08-12T20:20:34.094+0000][gc            ] GC(10) Pause Young (Normal) (G1 Evacuation Pause) 197M->150M(1024M) 14.770ms
[2023-08-12T20:20:34.094+0000][gc,cpu        ] GC(10) User=0.05s Sys=0.00s Real=0.02s
[2023-08-12T20:23:32.077+0000][gc,start      ] GC(11) Pause Young (Normal) (G1 Evacuation Pause)
[2023-08-12T20:23:32.077+0000][gc,task       ] GC(11) Using 4 workers of 4 for evacuation
[2023-08-12T20:23:32.095+0000][gc,phases     ] GC(11)   Pre Evacuate Collection Set: 0.0ms
[2023-08-12T20:23:32.095+0000][gc,phases     ] GC(11)   Evacuate Collection Set: 16.1ms
[2023-08-12T20:23:32.095+0000][gc,phases     ] GC(11)   Post Evacuate Collection Set: 1.5ms
[2023-08-12T20:23:32.095+0000][gc,phases     ] GC(11)   Other: 0.4ms
[2023-08-12T20:23:32.095+0000][gc,heap       ] GC(11) Eden regions: 46->0(44)
[2023-08-12T20:23:32.095+0000][gc,heap       ] GC(11) Survivor regions: 5->7(7)
[2023-08-12T20:23:32.095+0000][gc,heap       ] GC(11) Old regions: 19->20
[2023-08-12T20:23:32.095+0000][gc,heap       ] GC(11) Humongous regions: 129->129
[2023-08-12T20:23:32.095+0000][gc,metaspace  ] GC(11) Metaspace: 43781K(46720K)->43781K(46720K) NonClass: 38155K(39680K)->38155K(39680K) Class: 5625K(7040K)->5625K(7040K)
[2023-08-12T20:23:32.095+0000][gc            ] GC(11) Pause Young (Normal) (G1 Evacuation Pause) 196M->154M(1024M) 18.241ms
[2023-08-12T20:23:32.096+0000][gc,cpu        ] GC(11) User=0.06s Sys=0.00s Real=0.02s
[2023-08-12T20:26:24.091+0000][gc,start      ] GC(12) Pause Young (Normal) (G1 Evacuation Pause)
[2023-08-12T20:26:24.091+0000][gc,task       ] GC(12) Using 4 workers of 4 for evacuation
[2023-08-12T20:26:24.104+0000][gc,phases     ] GC(12)   Pre Evacuate Collection Set: 0.4ms
[2023-08-12T20:26:24.104+0000][gc,phases     ] GC(12)   Evacuate Collection Set: 11.1ms
[2023-08-12T20:26:24.104+0000][gc,phases     ] GC(12)   Post Evacuate Collection Set: 1.0ms
[2023-08-12T20:26:24.104+0000][gc,phases     ] GC(12)   Other: 0.5ms
[2023-08-12T20:26:24.104+0000][gc,heap       ] GC(12) Eden regions: 44->0(48)
[2023-08-12T20:26:24.104+0000][gc,heap       ] GC(12) Survivor regions: 7->3(7)
[2023-08-12T20:26:24.104+0000][gc,heap       ] GC(12) Old regions: 20->25
[2023-08-12T20:26:24.104+0000][gc,heap       ] GC(12) Humongous regions: 129->129
[2023-08-12T20:26:24.104+0000][gc,metaspace  ] GC(12) Metaspace: 43813K(46720K)->43813K(46720K) NonClass: 38187K(39680K)->38187K(39680K) Class: 5625K(7040K)->5625K(7040K)
[2023-08-12T20:26:24.104+0000][gc            ] GC(12) Pause Young (Normal) (G1 Evacuation Pause) 198M->155M(1024M) 13.008ms
[2023-08-12T20:26:24.104+0000][gc,cpu        ] GC(12) User=0.04s Sys=0.00s Real=0.01s
[2023-08-12T20:29:33.448+0000][gc,start      ] GC(13) Pause Young (Normal) (G1 Evacuation Pause)
[2023-08-12T20:29:33.448+0000][gc,task       ] GC(13) Using 4 workers of 4 for evacuation
[2023-08-12T20:29:33.461+0000][gc,phases     ] GC(13)   Pre Evacuate Collection Set: 0.0ms
[2023-08-12T20:29:33.461+0000][gc,phases     ] GC(13)   Evacuate Collection Set: 10.9ms
[2023-08-12T20:29:33.461+0000][gc,phases     ] GC(13)   Post Evacuate Collection Set: 1.5ms
[2023-08-12T20:29:33.461+0000][gc,phases     ] GC(13)   Other: 0.6ms
[2023-08-12T20:29:33.461+0000][gc,heap       ] GC(13) Eden regions: 48->0(44)
[2023-08-12T20:29:33.461+0000][gc,heap       ] GC(13) Survivor regions: 3->7(7)
[2023-08-12T20:29:33.461+0000][gc,heap       ] GC(13) Old regions: 25->25
[2023-08-12T20:29:33.461+0000][gc,heap       ] GC(13) Humongous regions: 129->129
[2023-08-12T20:29:33.461+0000][gc,metaspace  ] GC(13) Metaspace: 43859K(46720K)->43859K(46720K) NonClass: 38233K(39680K)->38233K(39680K) Class: 5625K(7040K)->5625K(7040K)
[2023-08-12T20:29:33.461+0000][gc            ] GC(13) Pause Young (Normal) (G1 Evacuation Pause) 203M->158M(1024M) 13.059ms
[2023-08-12T20:29:33.461+0000][gc,cpu        ] GC(13) User=0.05s Sys=0.00s Real=0.01s
[2023-08-12T20:32:28.235+0000][gc,start      ] GC(14) Pause Young (Normal) (G1 Evacuation Pause)
[2023-08-12T20:32:28.235+0000][gc,task       ] GC(14) Using 4 workers of 4 for evacuation
[2023-08-12T20:32:28.254+0000][gc,phases     ] GC(14)   Pre Evacuate Collection Set: 0.4ms
[2023-08-12T20:32:28.254+0000][gc,phases     ] GC(14)   Evacuate Collection Set: 16.3ms
[2023-08-12T20:32:28.254+0000][gc,phases     ] GC(14)   Post Evacuate Collection Set: 1.5ms
[2023-08-12T20:32:28.254+0000][gc,phases     ] GC(14)   Other: 0.5ms
[2023-08-12T20:32:28.254+0000][gc,heap       ] GC(14) Eden regions: 44->0(48)
[2023-08-12T20:32:28.254+0000][gc,heap       ] GC(14) Survivor regions: 7->3(7)
[2023-08-12T20:32:28.254+0000][gc,heap       ] GC(14) Old regions: 25->29
[2023-08-12T20:32:28.254+0000][gc,heap       ] GC(14) Humongous regions: 129->129
[2023-08-12T20:32:28.254+0000][gc,metaspace  ] GC(14) Metaspace: 43868K(46720K)->43868K(46720K) NonClass: 38242K(39680K)->38242K(39680K) Class: 5625K(7040K)->5625K(7040K)
[2023-08-12T20:32:28.254+0000][gc            ] GC(14) Pause Young (Normal) (G1 Evacuation Pause) 202M->159M(1024M) 18.737ms
[2023-08-12T20:32:28.254+0000][gc,cpu        ] GC(14) User=0.05s Sys=0.02s Real=0.02s
[2023-08-12T20:35:38.659+0000][gc,start      ] GC(15) Pause Young (Normal) (G1 Evacuation Pause)
[2023-08-12T20:35:38.659+0000][gc,task       ] GC(15) Using 4 workers of 4 for evacuation
[2023-08-12T20:35:38.675+0000][gc,phases     ] GC(15)   Pre Evacuate Collection Set: 0.0ms
[2023-08-12T20:35:38.675+0000][gc,phases     ] GC(15)   Evacuate Collection Set: 13.6ms
[2023-08-12T20:35:38.675+0000][gc,phases     ] GC(15)   Post Evacuate Collection Set: 1.4ms
[2023-08-12T20:35:38.675+0000][gc,phases     ] GC(15)   Other: 0.5ms
[2023-08-12T20:35:38.675+0000][gc,heap       ] GC(15) Eden regions: 48->0(45)
[2023-08-12T20:35:38.675+0000][gc,heap       ] GC(15) Survivor regions: 3->6(7)
[2023-08-12T20:35:38.675+0000][gc,heap       ] GC(15) Old regions: 29->29
[2023-08-12T20:35:38.675+0000][gc,heap       ] GC(15) Humongous regions: 129->129
[2023-08-12T20:35:38.675+0000][gc,metaspace  ] GC(15) Metaspace: 43887K(46720K)->43887K(46720K) NonClass: 38261K(39680K)->38261K(39680K) Class: 5625K(7040K)->5625K(7040K)
[2023-08-12T20:35:38.675+0000][gc            ] GC(15) Pause Young (Normal) (G1 Evacuation Pause) 207M->162M(1024M) 15.714ms
[2023-08-12T20:35:38.675+0000][gc,cpu        ] GC(15) User=0.06s Sys=0.00s Real=0.01s
[2023-08-12T20:37:57.241+0000][gc,heap,exit  ] Heap
[2023-08-12T20:37:57.241+0000][gc,heap,exit  ]  garbage-first heap   total 1048576K, used 210469K [0x00000000c0000000, 0x0000000100000000)
[2023-08-12T20:37:57.241+0000][gc,heap,exit  ]   region size 1024K, 51 young (52224K), 6 survivors (6144K)
[2023-08-12T20:37:57.241+0000][gc,heap,exit  ]  Metaspace       used 44736K, capacity 47649K, committed 47744K, reserved 1089536K
[2023-08-12T20:37:57.241+0000][gc,heap,exit  ]   class space    used 5845K, capacity 7287K, committed 7296K, reserved 1048576K
