[2023-08-12T20:40:56.639+0000][gc,heap] Heap region size: 1M
[2023-08-12T20:40:56.649+0000][gc     ] Using G1
[2023-08-12T20:40:56.649+0000][gc,heap,coops] Heap address: 0x00000000c0000000, size: 1024 MB, Compressed Oops mode: 32-bit
[2023-08-12T20:40:56.650+0000][gc,cds       ] Mark closed archive regions in map: [0x00000000fff00000, 0x00000000fff6aff8]
[2023-08-12T20:40:56.650+0000][gc,cds       ] Mark open archive regions in map: [0x00000000ffe00000, 0x00000000ffe46ff8]
[2023-08-12T20:40:57.654+0000][gc,start     ] GC(0) Pause Young (Normal) (G1 Evacuation Pause)
[2023-08-12T20:40:57.655+0000][gc,task      ] GC(0) Using 4 workers of 4 for evacuation
[2023-08-12T20:40:57.664+0000][gc,phases    ] GC(0)   Pre Evacuate Collection Set: 0.0ms
[2023-08-12T20:40:57.664+0000][gc,phases    ] GC(0)   Evacuate Collection Set: 8.7ms
[2023-08-12T20:40:57.664+0000][gc,phases    ] GC(0)   Post Evacuate Collection Set: 0.6ms
[2023-08-12T20:40:57.664+0000][gc,phases    ] GC(0)   Other: 0.8ms
[2023-08-12T20:40:57.664+0000][gc,heap      ] GC(0) Eden regions: 51->0(44)
[2023-08-12T20:40:57.664+0000][gc,heap      ] GC(0) Survivor regions: 0->7(7)
[2023-08-12T20:40:57.664+0000][gc,heap      ] GC(0) Old regions: 2->2
[2023-08-12T20:40:57.664+0000][gc,heap      ] GC(0) Humongous regions: 0->0
[2023-08-12T20:40:57.664+0000][gc,metaspace ] GC(0) Metaspace: 14176K(14848K)->14176K(14848K) NonClass: 12435K(12800K)->12435K(12800K) Class: 1740K(2048K)->1740K(2048K)
[2023-08-12T20:40:57.664+0000][gc           ] GC(0) Pause Young (Normal) (G1 Evacuation Pause) 51M->7M(1024M) 10.268ms
[2023-08-12T20:40:57.664+0000][gc,cpu       ] GC(0) User=0.03s Sys=0.00s Real=0.01s
[2023-08-12T20:40:58.318+0000][gc,start     ] GC(1) Pause Young (Concurrent Start) (Metadata GC Threshold)
[2023-08-12T20:40:58.318+0000][gc,task      ] GC(1) Using 4 workers of 4 for evacuation
[2023-08-12T20:40:58.335+0000][gc,phases    ] GC(1)   Pre Evacuate Collection Set: 0.1ms
[2023-08-12T20:40:58.335+0000][gc,phases    ] GC(1)   Evacuate Collection Set: 16.3ms
[2023-08-12T20:40:58.335+0000][gc,phases    ] GC(1)   Post Evacuate Collection Set: 0.4ms
[2023-08-12T20:40:58.335+0000][gc,phases    ] GC(1)   Other: 0.3ms
[2023-08-12T20:40:58.335+0000][gc,heap      ] GC(1) Eden regions: 30->0(49)
[2023-08-12T20:40:58.335+0000][gc,heap      ] GC(1) Survivor regions: 7->2(7)
[2023-08-12T20:40:58.335+0000][gc,heap      ] GC(1) Old regions: 2->9
[2023-08-12T20:40:58.335+0000][gc,heap      ] GC(1) Humongous regions: 0->0
[2023-08-12T20:40:58.335+0000][gc,metaspace ] GC(1) Metaspace: 20597K(21248K)->20597K(21248K) NonClass: 18095K(18432K)->18095K(18432K) Class: 2502K(2816K)->2502K(2816K)
[2023-08-12T20:40:58.336+0000][gc           ] GC(1) Pause Young (Concurrent Start) (Metadata GC Threshold) 36M->8M(1024M) 17.235ms
[2023-08-12T20:40:58.336+0000][gc,cpu       ] GC(1) User=0.02s Sys=0.00s Real=0.02s
[2023-08-12T20:40:58.336+0000][gc           ] GC(2) Concurrent Cycle
[2023-08-12T20:40:58.336+0000][gc,marking   ] GC(2) Concurrent Clear Claimed Marks
[2023-08-12T20:40:58.336+0000][gc,marking   ] GC(2) Concurrent Clear Claimed Marks 0.056ms
[2023-08-12T20:40:58.336+0000][gc,marking   ] GC(2) Concurrent Scan Root Regions
[2023-08-12T20:40:58.337+0000][gc,marking   ] GC(2) Concurrent Scan Root Regions 1.369ms
[2023-08-12T20:40:58.337+0000][gc,marking   ] GC(2) Concurrent Mark (1.703s)
[2023-08-12T20:40:58.337+0000][gc,marking   ] GC(2) Concurrent Mark From Roots
[2023-08-12T20:40:58.337+0000][gc,task      ] GC(2) Using 1 workers of 1 for marking
[2023-08-12T20:40:58.362+0000][gc,marking   ] GC(2) Concurrent Mark From Roots 24.500ms
[2023-08-12T20:40:58.362+0000][gc,marking   ] GC(2) Concurrent Preclean
[2023-08-12T20:40:58.362+0000][gc,marking   ] GC(2) Concurrent Preclean 0.069ms
[2023-08-12T20:40:58.362+0000][gc,marking   ] GC(2) Concurrent Mark (1.703s, 1.727s) 24.615ms
[2023-08-12T20:40:58.362+0000][gc,start     ] GC(2) Pause Remark
[2023-08-12T20:40:58.367+0000][gc,stringtable] GC(2) Cleaned string and symbol table, strings: 5247 processed, 0 removed, symbols: 53181 processed, 46 removed
[2023-08-12T20:40:58.367+0000][gc            ] GC(2) Pause Remark 9M->9M(1024M) 5.487ms
[2023-08-12T20:40:58.368+0000][gc,cpu        ] GC(2) User=0.02s Sys=0.00s Real=0.01s
[2023-08-12T20:40:58.368+0000][gc,marking    ] GC(2) Concurrent Rebuild Remembered Sets
[2023-08-12T20:40:58.373+0000][gc,marking    ] GC(2) Concurrent Rebuild Remembered Sets 5.064ms
[2023-08-12T20:40:58.373+0000][gc,start      ] GC(2) Pause Cleanup
[2023-08-12T20:40:58.374+0000][gc            ] GC(2) Pause Cleanup 9M->9M(1024M) 0.166ms
[2023-08-12T20:40:58.374+0000][gc,cpu        ] GC(2) User=0.00s Sys=0.00s Real=0.00s
[2023-08-12T20:40:58.375+0000][gc,marking    ] GC(2) Concurrent Cleanup for Next Mark
[2023-08-12T20:40:58.380+0000][gc,marking    ] GC(2) Concurrent Cleanup for Next Mark 5.329ms
[2023-08-12T20:40:58.380+0000][gc            ] GC(2) Concurrent Cycle 44.518ms
[2023-08-12T20:41:00.799+0000][gc,start      ] GC(3) Pause Young (Normal) (G1 Evacuation Pause)
[2023-08-12T20:41:00.799+0000][gc,task       ] GC(3) Using 4 workers of 4 for evacuation
[2023-08-12T20:41:00.817+0000][gc,phases     ] GC(3)   Pre Evacuate Collection Set: 0.0ms
[2023-08-12T20:41:00.817+0000][gc,phases     ] GC(3)   Evacuate Collection Set: 17.0ms
[2023-08-12T20:41:00.817+0000][gc,phases     ] GC(3)   Post Evacuate Collection Set: 0.5ms
[2023-08-12T20:41:00.817+0000][gc,phases     ] GC(3)   Other: 0.2ms
[2023-08-12T20:41:00.817+0000][gc,heap       ] GC(3) Eden regions: 49->0(47)
[2023-08-12T20:41:00.817+0000][gc,heap       ] GC(3) Survivor regions: 2->4(7)
[2023-08-12T20:41:00.817+0000][gc,heap       ] GC(3) Old regions: 9->9
[2023-08-12T20:41:00.817+0000][gc,heap       ] GC(3) Humongous regions: 129->129
[2023-08-12T20:41:00.817+0000][gc,metaspace  ] GC(3) Metaspace: 27308K(28544K)->27308K(28544K) NonClass: 24112K(24832K)->24112K(24832K) Class: 3196K(3712K)->3196K(3712K)
[2023-08-12T20:41:00.817+0000][gc            ] GC(3) Pause Young (Normal) (G1 Evacuation Pause) 186M->139M(1024M) 17.821ms
[2023-08-12T20:41:00.817+0000][gc,cpu        ] GC(3) User=0.03s Sys=0.00s Real=0.02s
[2023-08-12T20:41:01.878+0000][gc,start      ] GC(4) Pause Young (Concurrent Start) (Metadata GC Threshold)
[2023-08-12T20:41:01.878+0000][gc,task       ] GC(4) Using 4 workers of 4 for evacuation
[2023-08-12T20:41:01.922+0000][gc,mmu        ] GC(4) MMU target violated: 21.0ms (20.0ms/21.0ms)
[2023-08-12T20:41:01.922+0000][gc,phases     ] GC(4)   Pre Evacuate Collection Set: 0.1ms
[2023-08-12T20:41:01.922+0000][gc,phases     ] GC(4)   Evacuate Collection Set: 42.5ms
[2023-08-12T20:41:01.922+0000][gc,phases     ] GC(4)   Post Evacuate Collection Set: 1.2ms
[2023-08-12T20:41:01.922+0000][gc,phases     ] GC(4)   Other: 0.3ms
[2023-08-12T20:41:01.922+0000][gc,heap       ] GC(4) Eden regions: 44->0(44)
[2023-08-12T20:41:01.922+0000][gc,heap       ] GC(4) Survivor regions: 4->7(7)
[2023-08-12T20:41:01.922+0000][gc,heap       ] GC(4) Old regions: 9->9
[2023-08-12T20:41:01.922+0000][gc,heap       ] GC(4) Humongous regions: 129->129
[2023-08-12T20:41:01.922+0000][gc,metaspace  ] GC(4) Metaspace: 34438K(35840K)->34438K(35840K) NonClass: 30451K(31232K)->30451K(31232K) Class: 3987K(4608K)->3987K(4608K)
[2023-08-12T20:41:01.922+0000][gc            ] GC(4) Pause Young (Concurrent Start) (Metadata GC Threshold) 182M->143M(1024M) 44.184ms
[2023-08-12T20:41:01.922+0000][gc,cpu        ] GC(4) User=0.06s Sys=0.00s Real=0.04s
[2023-08-12T20:41:01.925+0000][gc            ] GC(5) Concurrent Cycle
[2023-08-12T20:41:01.926+0000][gc,marking    ] GC(5) Concurrent Clear Claimed Marks
[2023-08-12T20:41:01.926+0000][gc,marking    ] GC(5) Concurrent Clear Claimed Marks 0.132ms
[2023-08-12T20:41:01.926+0000][gc,marking    ] GC(5) Concurrent Scan Root Regions
[2023-08-12T20:41:01.941+0000][gc,marking    ] GC(5) Concurrent Scan Root Regions 14.982ms
[2023-08-12T20:41:01.941+0000][gc,marking    ] GC(5) Concurrent Mark (5.306s)
[2023-08-12T20:41:01.941+0000][gc,marking    ] GC(5) Concurrent Mark From Roots
[2023-08-12T20:41:01.941+0000][gc,task       ] GC(5) Using 1 workers of 1 for marking
[2023-08-12T20:41:01.992+0000][gc,marking    ] GC(5) Concurrent Mark From Roots 50.902ms
[2023-08-12T20:41:01.992+0000][gc,marking    ] GC(5) Concurrent Preclean
[2023-08-12T20:41:01.992+0000][gc,marking    ] GC(5) Concurrent Preclean 0.100ms
[2023-08-12T20:41:01.992+0000][gc,marking    ] GC(5) Concurrent Mark (5.306s, 5.357s) 51.088ms
[2023-08-12T20:41:01.999+0000][gc,start      ] GC(5) Pause Remark
[2023-08-12T20:41:02.009+0000][gc,stringtable] GC(5) Cleaned string and symbol table, strings: 10896 processed, 15 removed, symbols: 83718 processed, 16 removed
[2023-08-12T20:41:02.010+0000][gc            ] GC(5) Pause Remark 144M->144M(1024M) 10.646ms
[2023-08-12T20:41:02.010+0000][gc,cpu        ] GC(5) User=0.01s Sys=0.00s Real=0.01s
[2023-08-12T20:41:02.011+0000][gc,marking    ] GC(5) Concurrent Rebuild Remembered Sets
[2023-08-12T20:41:02.052+0000][gc,marking    ] GC(5) Concurrent Rebuild Remembered Sets 40.407ms
[2023-08-12T20:41:02.061+0000][gc,start      ] GC(5) Pause Cleanup
[2023-08-12T20:41:02.061+0000][gc            ] GC(5) Pause Cleanup 145M->145M(1024M) 0.276ms
[2023-08-12T20:41:02.061+0000][gc,cpu        ] GC(5) User=0.00s Sys=0.00s Real=0.00s
[2023-08-12T20:41:02.062+0000][gc,marking    ] GC(5) Concurrent Cleanup for Next Mark
[2023-08-12T20:41:02.095+0000][gc,marking    ] GC(5) Concurrent Cleanup for Next Mark 33.114ms
[2023-08-12T20:41:02.095+0000][gc            ] GC(5) Concurrent Cycle 169.572ms
[2023-08-12T20:41:04.007+0000][gc,start      ] GC(6) Pause Young (Normal) (G1 Evacuation Pause)
[2023-08-12T20:41:04.007+0000][gc,task       ] GC(6) Using 4 workers of 4 for evacuation
[2023-08-12T20:41:04.026+0000][gc,phases     ] GC(6)   Pre Evacuate Collection Set: 0.0ms
[2023-08-12T20:41:04.026+0000][gc,phases     ] GC(6)   Evacuate Collection Set: 18.9ms
[2023-08-12T20:41:04.026+0000][gc,phases     ] GC(6)   Post Evacuate Collection Set: 0.7ms
[2023-08-12T20:41:04.026+0000][gc,phases     ] GC(6)   Other: 0.2ms
[2023-08-12T20:41:04.026+0000][gc,heap       ] GC(6) Eden regions: 44->0(48)
[2023-08-12T20:41:04.026+0000][gc,heap       ] GC(6) Survivor regions: 7->3(7)
[2023-08-12T20:41:04.026+0000][gc,heap       ] GC(6) Old regions: 9->16
[2023-08-12T20:41:04.026+0000][gc,heap       ] GC(6) Humongous regions: 141->129
[2023-08-12T20:41:04.026+0000][gc,metaspace  ] GC(6) Metaspace: 40007K(42112K)->40007K(42112K) NonClass: 35008K(36096K)->35008K(36096K) Class: 4999K(6016K)->4999K(6016K)
[2023-08-12T20:41:04.027+0000][gc            ] GC(6) Pause Young (Normal) (G1 Evacuation Pause) 199M->145M(1024M) 19.940ms
[2023-08-12T20:41:04.027+0000][gc,cpu        ] GC(6) User=0.04s Sys=0.00s Real=0.02s
[2023-08-12T20:42:02.042+0000][gc,heap,exit  ] Heap
[2023-08-12T20:42:02.042+0000][gc,heap,exit  ]  garbage-first heap   total 1048576K, used 189741K [0x00000000c0000000, 0x0000000100000000)
[2023-08-12T20:42:02.042+0000][gc,heap,exit  ]   region size 1024K, 44 young (45056K), 3 survivors (3072K)
[2023-08-12T20:42:02.042+0000][gc,heap,exit  ]  Metaspace       used 44114K, capacity 46944K, committed 47232K, reserved 1089536K
[2023-08-12T20:42:02.042+0000][gc,heap,exit  ]   class space    used 5764K, capacity 7169K, committed 7296K, reserved 1048576K
